build	Set up job	ï»¿2026-01-07T18:00:34.5161161Z Current runner version: '2.330.0'
build	Set up job	2026-01-07T18:00:34.5187716Z ##[group]Runner Image Provisioner
build	Set up job	2026-01-07T18:00:34.5189100Z Hosted Compute Agent
build	Set up job	2026-01-07T18:00:34.5190041Z Version: 20251211.462
build	Set up job	2026-01-07T18:00:34.5190914Z Commit: 6cbad8c2bb55d58165063d031ccabf57e2d2db61
build	Set up job	2026-01-07T18:00:34.5191883Z Build Date: 2025-12-11T16:28:49Z
build	Set up job	2026-01-07T18:00:34.5192855Z Worker ID: ***e508d03b-1ab2-4959-addf-4c05374dca73***
build	Set up job	2026-01-07T18:00:34.5193854Z ##[endgroup]
build	Set up job	2026-01-07T18:00:34.5194621Z ##[group]Operating System
build	Set up job	2026-01-07T18:00:34.5195436Z Ubuntu
build	Set up job	2026-01-07T18:00:34.5196104Z 24.04.3
build	Set up job	2026-01-07T18:00:34.5196862Z LTS
build	Set up job	2026-01-07T18:00:34.5197554Z ##[endgroup]
build	Set up job	2026-01-07T18:00:34.5198301Z ##[group]Runner Image
build	Set up job	2026-01-07T18:00:34.5199365Z Image: ubuntu-24.04
build	Set up job	2026-01-07T18:00:34.5200197Z Version: 20251215.174.1
build	Set up job	2026-01-07T18:00:34.5201477Z Included Software: https://github.com/actions/runner-images/blob/ubuntu24/20251215.174/images/ubuntu/Ubuntu2404-Readme.md
build	Set up job	2026-01-07T18:00:34.5203156Z Image Release: https://github.com/actions/runner-images/releases/tag/ubuntu24%2F20251215.174
build	Set up job	2026-01-07T18:00:34.5204649Z ##[endgroup]
build	Set up job	2026-01-07T18:00:34.5206209Z ##[group]GITHUB_TOKEN Permissions
build	Set up job	2026-01-07T18:00:34.5208721Z Contents: read
build	Set up job	2026-01-07T18:00:34.5209625Z Metadata: read
build	Set up job	2026-01-07T18:00:34.5210306Z Packages: read
build	Set up job	2026-01-07T18:00:34.5211078Z ##[endgroup]
build	Set up job	2026-01-07T18:00:34.5213707Z Secret source: Actions
build	Set up job	2026-01-07T18:00:34.5214754Z Prepare workflow directory
build	Set up job	2026-01-07T18:00:34.5594864Z Prepare all required actions
build	Set up job	2026-01-07T18:00:34.5633025Z Getting action download info
build	Set up job	2026-01-07T18:00:34.9713353Z Download action repository 'actions/checkout@v4' (SHA:34e114876b0b11c390a56381ad16ebd13914f8d5)
build	Set up job	2026-01-07T18:00:35.0953089Z Download action repository 'pnpm/action-setup@v3' (SHA:a3252b78c470c02df07e9d59298aecedc3ccdd6d)
build	Set up job	2026-01-07T18:00:35.3809298Z Download action repository 'actions/setup-node@v4' (SHA:49933ea5288caeca8642d1e84afbd3f7d6820020)
build	Set up job	2026-01-07T18:00:35.4853238Z Download action repository 'actions/setup-java@v4' (SHA:c1e323688fd81a25caa38c78aa6df2d33d3e20d9)
build	Set up job	2026-01-07T18:00:35.7945212Z Download action repository 'expo/expo-github-action@v8' (SHA:c7b66a9c327a43a8fa7c0158e7f30d6040d2481e)
build	Set up job	2026-01-07T18:00:36.1584424Z Download action repository 'actions/upload-artifact@v4' (SHA:ea165f8d65b6e75b540449e92b4886f43607fa02)
build	Set up job	2026-01-07T18:00:36.4396706Z Complete job name: build
build	ğŸ— Checkout repository	ï»¿2026-01-07T18:00:36.5530184Z ##[group]Run actions/checkout@v4
build	ğŸ— Checkout repository	2026-01-07T18:00:36.5531869Z with:
build	ğŸ— Checkout repository	2026-01-07T18:00:36.5533001Z   repository: pierrusthemaboul/kiko
build	ğŸ— Checkout repository	2026-01-07T18:00:36.5534676Z   token: ***
build	ğŸ— Checkout repository	2026-01-07T18:00:36.5535727Z   ssh-strict: true
build	ğŸ— Checkout repository	2026-01-07T18:00:36.5536800Z   ssh-user: git
build	ğŸ— Checkout repository	2026-01-07T18:00:36.5537881Z   persist-credentials: true
build	ğŸ— Checkout repository	2026-01-07T18:00:36.5539407Z   clean: true
build	ğŸ— Checkout repository	2026-01-07T18:00:36.5540541Z   sparse-checkout-cone-mode: true
build	ğŸ— Checkout repository	2026-01-07T18:00:36.5541794Z   fetch-depth: 1
build	ğŸ— Checkout repository	2026-01-07T18:00:36.5542860Z   fetch-tags: false
build	ğŸ— Checkout repository	2026-01-07T18:00:36.5543924Z   show-progress: true
build	ğŸ— Checkout repository	2026-01-07T18:00:36.5545003Z   lfs: false
build	ğŸ— Checkout repository	2026-01-07T18:00:36.5546053Z   submodules: false
build	ğŸ— Checkout repository	2026-01-07T18:00:36.5547151Z   set-safe-directory: true
build	ğŸ— Checkout repository	2026-01-07T18:00:36.5548751Z ##[endgroup]
build	ğŸ— Checkout repository	2026-01-07T18:00:36.6780201Z Syncing repository: pierrusthemaboul/kiko
build	ğŸ— Checkout repository	2026-01-07T18:00:36.6783705Z ##[group]Getting Git version info
build	ğŸ— Checkout repository	2026-01-07T18:00:36.6785400Z Working directory is '/home/runner/work/kiko/kiko'
build	ğŸ— Checkout repository	2026-01-07T18:00:36.6787688Z [command]/usr/bin/git version
build	ğŸ— Checkout repository	2026-01-07T18:00:36.6850713Z git version 2.52.0
build	ğŸ— Checkout repository	2026-01-07T18:00:36.6881091Z ##[endgroup]
build	ğŸ— Checkout repository	2026-01-07T18:00:36.6898065Z Temporarily overriding HOME='/home/runner/work/_temp/453f5e9b-e14e-45a4-9020-6f55402b366b' before making global git config changes
build	ğŸ— Checkout repository	2026-01-07T18:00:36.6903531Z Adding repository directory to the temporary git global config as a safe directory
build	ğŸ— Checkout repository	2026-01-07T18:00:36.6914344Z [command]/usr/bin/git config --global --add safe.directory /home/runner/work/kiko/kiko
build	ğŸ— Checkout repository	2026-01-07T18:00:36.6959409Z Deleting the contents of '/home/runner/work/kiko/kiko'
build	ğŸ— Checkout repository	2026-01-07T18:00:36.6963929Z ##[group]Initializing the repository
build	ğŸ— Checkout repository	2026-01-07T18:00:36.6970555Z [command]/usr/bin/git init /home/runner/work/kiko/kiko
build	ğŸ— Checkout repository	2026-01-07T18:00:36.7113694Z hint: Using 'master' as the name for the initial branch. This default branch name
build	ğŸ— Checkout repository	2026-01-07T18:00:36.7117318Z hint: will change to "main" in Git 3.0. To configure the initial branch name
build	ğŸ— Checkout repository	2026-01-07T18:00:36.7121225Z hint: to use in all of your new repositories, which will suppress this warning,
build	ğŸ— Checkout repository	2026-01-07T18:00:36.7124262Z hint: call:
build	ğŸ— Checkout repository	2026-01-07T18:00:36.7126057Z hint:
build	ğŸ— Checkout repository	2026-01-07T18:00:36.7128424Z hint: 	git config --global init.defaultBranch <name>
build	ğŸ— Checkout repository	2026-01-07T18:00:36.7131079Z hint:
build	ğŸ— Checkout repository	2026-01-07T18:00:36.7133459Z hint: Names commonly chosen instead of 'master' are 'main', 'trunk' and
build	ğŸ— Checkout repository	2026-01-07T18:00:36.7136870Z hint: 'development'. The just-created branch can be renamed via this command:
build	ğŸ— Checkout repository	2026-01-07T18:00:36.7139823Z hint:
build	ğŸ— Checkout repository	2026-01-07T18:00:36.7141306Z hint: 	git branch -m <name>
build	ğŸ— Checkout repository	2026-01-07T18:00:36.7142476Z hint:
build	ğŸ— Checkout repository	2026-01-07T18:00:36.7143949Z hint: Disable this message with "git config set advice.defaultBranchName false"
build	ğŸ— Checkout repository	2026-01-07T18:00:36.7146112Z Initialized empty Git repository in /home/runner/work/kiko/kiko/.git/
build	ğŸ— Checkout repository	2026-01-07T18:00:36.7152292Z [command]/usr/bin/git remote add origin https://github.com/pierrusthemaboul/kiko
build	ğŸ— Checkout repository	2026-01-07T18:00:36.7177347Z ##[endgroup]
build	ğŸ— Checkout repository	2026-01-07T18:00:36.7180714Z ##[group]Disabling automatic garbage collection
build	ğŸ— Checkout repository	2026-01-07T18:00:36.7183406Z [command]/usr/bin/git config --local gc.auto 0
build	ğŸ— Checkout repository	2026-01-07T18:00:36.7216997Z ##[endgroup]
build	ğŸ— Checkout repository	2026-01-07T18:00:36.7220148Z ##[group]Setting up auth
build	ğŸ— Checkout repository	2026-01-07T18:00:36.7225099Z [command]/usr/bin/git config --local --name-only --get-regexp core\.sshCommand
build	ğŸ— Checkout repository	2026-01-07T18:00:36.7260834Z [command]/usr/bin/git submodule foreach --recursive sh -c "git config --local --name-only --get-regexp 'core\.sshCommand' && git config --local --unset-all 'core.sshCommand' || :"
build	ğŸ— Checkout repository	2026-01-07T18:00:36.7651039Z [command]/usr/bin/git config --local --name-only --get-regexp http\.https\:\/\/github\.com\/\.extraheader
build	ğŸ— Checkout repository	2026-01-07T18:00:36.7687614Z [command]/usr/bin/git submodule foreach --recursive sh -c "git config --local --name-only --get-regexp 'http\.https\:\/\/github\.com\/\.extraheader' && git config --local --unset-all 'http.https://github.com/.extraheader' || :"
build	ğŸ— Checkout repository	2026-01-07T18:00:36.7919260Z [command]/usr/bin/git config --local --name-only --get-regexp ^includeIf\.gitdir:
build	ğŸ— Checkout repository	2026-01-07T18:00:36.7954653Z [command]/usr/bin/git submodule foreach --recursive git config --local --show-origin --name-only --get-regexp remote.origin.url
build	ğŸ— Checkout repository	2026-01-07T18:00:36.8199296Z [command]/usr/bin/git config --local http.https://github.com/.extraheader AUTHORIZATION: basic ***
build	ğŸ— Checkout repository	2026-01-07T18:00:36.8238400Z ##[endgroup]
build	ğŸ— Checkout repository	2026-01-07T18:00:36.8242230Z ##[group]Fetching the repository
build	ğŸ— Checkout repository	2026-01-07T18:00:36.8250742Z [command]/usr/bin/git -c protocol.version=2 fetch --no-tags --prune --no-recurse-submodules --depth=1 origin +e151bdeeea3c906e476a8c93d6db67584f049356:refs/remotes/origin/main
build	ğŸ— Checkout repository	2026-01-07T18:00:37.4670044Z From https://github.com/pierrusthemaboul/kiko
build	ğŸ— Checkout repository	2026-01-07T18:00:37.4671268Z  * [new ref]         e151bdeeea3c906e476a8c93d6db67584f049356 -> origin/main
build	ğŸ— Checkout repository	2026-01-07T18:00:37.4704377Z ##[endgroup]
build	ğŸ— Checkout repository	2026-01-07T18:00:37.4704988Z ##[group]Determining the checkout info
build	ğŸ— Checkout repository	2026-01-07T18:00:37.4706369Z ##[endgroup]
build	ğŸ— Checkout repository	2026-01-07T18:00:37.4711347Z [command]/usr/bin/git sparse-checkout disable
build	ğŸ— Checkout repository	2026-01-07T18:00:37.4754674Z [command]/usr/bin/git config --local --unset-all extensions.worktreeConfig
build	ğŸ— Checkout repository	2026-01-07T18:00:37.4780432Z ##[group]Checking out the ref
build	ğŸ— Checkout repository	2026-01-07T18:00:37.4784244Z [command]/usr/bin/git checkout --progress --force -B main refs/remotes/origin/main
build	ğŸ— Checkout repository	2026-01-07T18:00:37.5815333Z Switched to a new branch 'main'
build	ğŸ— Checkout repository	2026-01-07T18:00:37.5816251Z branch 'main' set up to track 'origin/main'.
build	ğŸ— Checkout repository	2026-01-07T18:00:37.5833380Z ##[endgroup]
build	ğŸ— Checkout repository	2026-01-07T18:00:37.5870537Z [command]/usr/bin/git log -1 --format=%H
build	ğŸ— Checkout repository	2026-01-07T18:00:37.5891691Z e151bdeeea3c906e476a8c93d6db67584f049356
build	ğŸ— Setup PNPM	ï»¿2026-01-07T18:00:37.6095695Z ##[group]Run pnpm/action-setup@v3
build	ğŸ— Setup PNPM	2026-01-07T18:00:37.6096154Z with:
build	ğŸ— Setup PNPM	2026-01-07T18:00:37.6096675Z   version: 8
build	ğŸ— Setup PNPM	2026-01-07T18:00:37.6096979Z   dest: ~/setup-pnpm
build	ğŸ— Setup PNPM	2026-01-07T18:00:37.6097311Z   run_install: null
build	ğŸ— Setup PNPM	2026-01-07T18:00:37.6097640Z   package_json_file: package.json
build	ğŸ— Setup PNPM	2026-01-07T18:00:37.6097998Z   standalone: false
build	ğŸ— Setup PNPM	2026-01-07T18:00:37.6098305Z ##[endgroup]
build	ğŸ— Setup PNPM	2026-01-07T18:00:37.6977347Z ##[group]Running self-installer...
build	ğŸ— Setup PNPM	2026-01-07T18:00:38.3060166Z Progress: resolved 1, reused 0, downloaded 0, added 0
build	ğŸ— Setup PNPM	2026-01-07T18:00:38.3185291Z Packages: +1
build	ğŸ— Setup PNPM	2026-01-07T18:00:38.3186489Z +
build	ğŸ— Setup PNPM	2026-01-07T18:00:38.7575024Z Progress: resolved 1, reused 0, downloaded 1, added 1, done
build	ğŸ— Setup PNPM	2026-01-07T18:00:38.7843539Z 
build	ğŸ— Setup PNPM	2026-01-07T18:00:38.7844004Z dependencies:
build	ğŸ— Setup PNPM	2026-01-07T18:00:38.7844374Z + pnpm 8.15.9 (10.27.0 is available)
build	ğŸ— Setup PNPM	2026-01-07T18:00:38.7844618Z 
build	ğŸ— Setup PNPM	2026-01-07T18:00:38.7875446Z Done in 925ms
build	ğŸ— Setup PNPM	2026-01-07T18:00:38.8040275Z ##[endgroup]
build	ğŸ— Setup PNPM	2026-01-07T18:00:38.8044127Z Installation Completed!
build	ğŸ— Setup Node	ï»¿2026-01-07T18:00:38.8199815Z ##[group]Run actions/setup-node@v4
build	ğŸ— Setup Node	2026-01-07T18:00:38.8200186Z with:
build	ğŸ— Setup Node	2026-01-07T18:00:38.8200433Z   node-version: 20
build	ğŸ— Setup Node	2026-01-07T18:00:38.8200707Z   cache: pnpm
build	ğŸ— Setup Node	2026-01-07T18:00:38.8200984Z   always-auth: false
build	ğŸ— Setup Node	2026-01-07T18:00:38.8201261Z   check-latest: false
build	ğŸ— Setup Node	2026-01-07T18:00:38.8201645Z   token: ***
build	ğŸ— Setup Node	2026-01-07T18:00:38.8201893Z env:
build	ğŸ— Setup Node	2026-01-07T18:00:38.8202196Z   PNPM_HOME: /home/runner/setup-pnpm/node_modules/.bin
build	ğŸ— Setup Node	2026-01-07T18:00:38.8202567Z ##[endgroup]
build	ğŸ— Setup Node	2026-01-07T18:00:39.0035609Z Found in cache @ /opt/hostedtoolcache/node/20.19.6/x64
build	ğŸ— Setup Node	2026-01-07T18:00:39.0043700Z ##[group]Environment details
build	ğŸ— Setup Node	2026-01-07T18:00:39.3745032Z node: v20.19.6
build	ğŸ— Setup Node	2026-01-07T18:00:39.3745646Z npm: 10.8.2
build	ğŸ— Setup Node	2026-01-07T18:00:39.3746085Z yarn: 1.22.22
build	ğŸ— Setup Node	2026-01-07T18:00:39.3748964Z ##[endgroup]
build	ğŸ— Setup Node	2026-01-07T18:00:39.3775239Z [command]/home/runner/setup-pnpm/node_modules/.bin/pnpm store path --silent
build	ğŸ— Setup Node	2026-01-07T18:00:39.7702417Z /home/runner/setup-pnpm/node_modules/.bin/store/v3
build	ğŸ— Setup Node	2026-01-07T18:00:39.8935011Z pnpm cache is not found
build	ğŸ— Setup Java	ï»¿2026-01-07T18:00:39.9091097Z ##[group]Run actions/setup-java@v4
build	ğŸ— Setup Java	2026-01-07T18:00:39.9091479Z with:
build	ğŸ— Setup Java	2026-01-07T18:00:39.9091790Z   distribution: temurin
build	ğŸ— Setup Java	2026-01-07T18:00:39.9092079Z   java-version: 17
build	ğŸ— Setup Java	2026-01-07T18:00:39.9092342Z   cache: gradle
build	ğŸ— Setup Java	2026-01-07T18:00:39.9092607Z   java-package: jdk
build	ğŸ— Setup Java	2026-01-07T18:00:39.9092893Z   check-latest: false
build	ğŸ— Setup Java	2026-01-07T18:00:39.9093177Z   server-id: github
build	ğŸ— Setup Java	2026-01-07T18:00:39.9093450Z   server-username: GITHUB_ACTOR
build	ğŸ— Setup Java	2026-01-07T18:00:39.9093770Z   server-password: GITHUB_TOKEN
build	ğŸ— Setup Java	2026-01-07T18:00:39.9094078Z   overwrite-settings: true
build	ğŸ— Setup Java	2026-01-07T18:00:39.9094363Z   job-status: success
build	ğŸ— Setup Java	2026-01-07T18:00:39.9094748Z   token: ***
build	ğŸ— Setup Java	2026-01-07T18:00:39.9094995Z env:
build	ğŸ— Setup Java	2026-01-07T18:00:39.9095302Z   PNPM_HOME: /home/runner/setup-pnpm/node_modules/.bin
build	ğŸ— Setup Java	2026-01-07T18:00:39.9095676Z ##[endgroup]
build	ğŸ— Setup Java	2026-01-07T18:00:40.1141370Z ##[group]Installed distributions
build	ğŸ— Setup Java	2026-01-07T18:00:40.1216095Z Resolved Java 17.0.17+10 from tool-cache
build	ğŸ— Setup Java	2026-01-07T18:00:40.1217037Z Setting Java 17.0.17+10 as the default
build	ğŸ— Setup Java	2026-01-07T18:00:40.1226635Z Creating toolchains.xml for JDK version 17 from temurin
build	ğŸ— Setup Java	2026-01-07T18:00:40.1304361Z Writing to /home/runner/.m2/toolchains.xml
build	ğŸ— Setup Java	2026-01-07T18:00:40.1304882Z 
build	ğŸ— Setup Java	2026-01-07T18:00:40.1305166Z Java configuration:
build	ğŸ— Setup Java	2026-01-07T18:00:40.1306603Z   Distribution: temurin
build	ğŸ— Setup Java	2026-01-07T18:00:40.1307249Z   Version: 17.0.17+10
build	ğŸ— Setup Java	2026-01-07T18:00:40.1308119Z   Path: /opt/hostedtoolcache/Java_Temurin-Hotspot_jdk/17.0.17-10/x64
build	ğŸ— Setup Java	2026-01-07T18:00:40.1308910Z 
build	ğŸ— Setup Java	2026-01-07T18:00:40.1309570Z ##[endgroup]
build	ğŸ— Setup Java	2026-01-07T18:00:40.1313870Z Creating settings.xml with server-id: github
build	ğŸ— Setup Java	2026-01-07T18:00:40.1330536Z Writing to /home/runner/.m2/settings.xml
build	ğŸ— Setup Java	2026-01-07T18:00:40.2926157Z gradle cache is not found
build	ğŸ— Setup EAS	ï»¿2026-01-07T18:00:40.3056820Z ##[group]Run expo/expo-github-action@v8
build	ğŸ— Setup EAS	2026-01-07T18:00:40.3057193Z with:
build	ğŸ— Setup EAS	2026-01-07T18:00:40.3057436Z   eas-version: latest
build	ğŸ— Setup EAS	2026-01-07T18:00:40.3057784Z   token: ***
build	ğŸ— Setup EAS	2026-01-07T18:00:40.3058034Z   expo-cache: true
build	ğŸ— Setup EAS	2026-01-07T18:00:40.3058292Z   eas-cache: true
build	ğŸ— Setup EAS	2026-01-07T18:00:40.3058796Z   packager: yarn
build	ğŸ— Setup EAS	2026-01-07T18:00:40.3059202Z   patch-watchers: true
build	ğŸ— Setup EAS	2026-01-07T18:00:40.3059476Z env:
build	ğŸ— Setup EAS	2026-01-07T18:00:40.3059960Z   PNPM_HOME: /home/runner/setup-pnpm/node_modules/.bin
build	ğŸ— Setup EAS	2026-01-07T18:00:40.3060450Z   JAVA_HOME: /opt/hostedtoolcache/Java_Temurin-Hotspot_jdk/17.0.17-10/x64
build	ğŸ— Setup EAS	2026-01-07T18:00:40.3060993Z   JAVA_HOME_17_X64: /opt/hostedtoolcache/Java_Temurin-Hotspot_jdk/17.0.17-10/x64
build	ğŸ— Setup EAS	2026-01-07T18:00:40.3061418Z ##[endgroup]
build	ğŸ— Setup EAS	2026-01-07T18:00:40.4627023Z Skipped installing expo-cli: 'expo-version' not provided.
build	ğŸ— Setup EAS	2026-01-07T18:00:41.2014564Z ##[group]Installing eas-cli (16.28.0) from cache or with yarn
build	ğŸ— Setup EAS	2026-01-07T18:00:41.3447478Z ##[warning]Failed to restore: Cache service responded with 400
build	ğŸ— Setup EAS	2026-01-07T18:00:41.3457367Z [command]/usr/local/bin/yarn add eas-cli@16.28.0
build	ğŸ— Setup EAS	2026-01-07T18:00:41.4701494Z yarn add v1.22.22
build	ğŸ— Setup EAS	2026-01-07T18:00:41.4839724Z info No lockfile found.
build	ğŸ— Setup EAS	2026-01-07T18:00:41.5001631Z [1/4] Resolving packages...
build	ğŸ— Setup EAS	2026-01-07T18:00:42.7045859Z warning eas-cli > @expo/steps > lodash.get@4.4.2: This package is deprecated. Use the optional chaining (?.) operator instead.
build	ğŸ— Setup EAS	2026-01-07T18:00:42.7147645Z warning eas-cli > @expo/plist > @xmldom/xmldom@0.7.13: this version is no longer supported, please update to at least 0.8.*
build	ğŸ— Setup EAS	2026-01-07T18:00:42.7150023Z warning eas-cli > @expo/config-plugins > @expo/plist > @xmldom/xmldom@0.7.13: this version is no longer supported, please update to at least 0.8.*
build	ğŸ— Setup EAS	2026-01-07T18:00:42.8556724Z warning eas-cli > @oclif/core > @oclif/screen@3.0.8: Package no longer supported. Contact Support at https://www.npmjs.com/support for more info.
build	ğŸ— Setup EAS	2026-01-07T18:00:43.0070082Z warning eas-cli > @expo/package-manager > sudo-prompt@9.1.1: Package no longer supported. Contact Support at https://www.npmjs.com/support for more info.
build	ğŸ— Setup EAS	2026-01-07T18:00:43.2690365Z warning eas-cli > @expo/logger > bunyan > mv > rimraf@2.4.5: Rimraf versions prior to v4 are no longer supported
build	ğŸ— Setup EAS	2026-01-07T18:00:43.2696931Z warning eas-cli > @expo/logger > bunyan > mv > rimraf > glob@6.0.4: Glob versions prior to v9 are no longer supported
build	ğŸ— Setup EAS	2026-01-07T18:00:43.6872543Z warning eas-cli > @expo/logger > bunyan > mv > rimraf > glob > inflight@1.0.6: This module is not supported, and leaks memory. Do not use it. Check out lru-cache if you want a good and tested way to coalesce async requests by a key value, which is much more comprehensive and powerful.
build	ğŸ— Setup EAS	2026-01-07T18:00:43.9132084Z [2/4] Fetching packages...
build	ğŸ— Setup EAS	2026-01-07T18:00:48.8917101Z [3/4] Linking dependencies...
build	ğŸ— Setup EAS	2026-01-07T18:00:48.8933812Z warning "eas-cli > @expo/plugin-help > @oclif/core > ts-node@10.9.2" has unmet peer dependency "@types/node@*".
build	ğŸ— Setup EAS	2026-01-07T18:00:48.8935836Z warning "eas-cli > @expo/plugin-help > @oclif/core > ts-node@10.9.2" has unmet peer dependency "typescript@>=2.7".
build	ğŸ— Setup EAS	2026-01-07T18:00:51.0446911Z [4/4] Building fresh packages...
build	ğŸ— Setup EAS	2026-01-07T18:00:52.8648879Z success Saved lockfile.
build	ğŸ— Setup EAS	2026-01-07T18:00:52.8927680Z success Saved 285 new dependencies.
build	ğŸ— Setup EAS	2026-01-07T18:00:52.8929784Z info Direct dependencies
build	ğŸ— Setup EAS	2026-01-07T18:00:52.8930958Z â””â”€ eas-cli@16.28.0
build	ğŸ— Setup EAS	2026-01-07T18:00:52.8931461Z info All dependencies
build	ğŸ— Setup EAS	2026-01-07T18:00:52.8948652Z â”œâ”€ @0no-co/graphql.web@1.2.0
build	ğŸ— Setup EAS	2026-01-07T18:00:52.8949827Z â”œâ”€ @babel/helper-validator-identifier@7.28.5
build	ğŸ— Setup EAS	2026-01-07T18:00:52.8951310Z â”œâ”€ @babel/highlight@7.25.9
build	ğŸ— Setup EAS	2026-01-07T18:00:52.8952125Z â”œâ”€ @cspotcode/source-map-support@0.8.1
build	ğŸ— Setup EAS	2026-01-07T18:00:52.8953003Z â”œâ”€ @expo/apple-utils@2.1.12
build	ğŸ— Setup EAS	2026-01-07T18:00:52.8953683Z â”œâ”€ @expo/bunyan@4.0.1
build	ğŸ— Setup EAS	2026-01-07T18:00:52.8954491Z â”œâ”€ @expo/code-signing-certificates@0.0.5
build	ğŸ— Setup EAS	2026-01-07T18:00:52.8955202Z â”œâ”€ @expo/config-plugins@9.0.17
build	ğŸ— Setup EAS	2026-01-07T18:00:52.8955772Z â”œâ”€ @expo/config@10.0.6
build	ğŸ— Setup EAS	2026-01-07T18:00:52.8956298Z â”œâ”€ @expo/eas-json@16.25.0
build	ğŸ— Setup EAS	2026-01-07T18:00:52.8956802Z â”œâ”€ @expo/env@1.0.7
build	ğŸ— Setup EAS	2026-01-07T18:00:52.8957816Z â”œâ”€ @expo/image-utils@0.6.5
build	ğŸ— Setup EAS	2026-01-07T18:00:52.8958504Z â”œâ”€ @expo/multipart-body-parser@2.0.0
build	ğŸ— Setup EAS	2026-01-07T18:00:52.8959395Z â”œâ”€ @expo/osascript@2.1.4
build	ğŸ— Setup EAS	2026-01-07T18:00:52.8960041Z â”œâ”€ @expo/package-manager@1.7.0
build	ğŸ— Setup EAS	2026-01-07T18:00:52.8960651Z â”œâ”€ @expo/pkcs12@0.1.3
build	ğŸ— Setup EAS	2026-01-07T18:00:52.8961261Z â”œâ”€ @expo/plist@0.2.2
build	ğŸ— Setup EAS	2026-01-07T18:00:52.8961856Z â”œâ”€ @expo/plugin-help@5.1.23
build	ğŸ— Setup EAS	2026-01-07T18:00:52.8962642Z â”œâ”€ @expo/plugin-warn-if-update-available@2.5.1
build	ğŸ— Setup EAS	2026-01-07T18:00:52.8963792Z â”œâ”€ @expo/prebuild-config@8.0.17
build	ğŸ— Setup EAS	2026-01-07T18:00:52.8964465Z â”œâ”€ @expo/results@1.0.0
build	ğŸ— Setup EAS	2026-01-07T18:00:52.8965131Z â”œâ”€ @expo/rudder-sdk-node@1.1.1
build	ğŸ— Setup EAS	2026-01-07T18:00:52.8965754Z â”œâ”€ @expo/steps@1.0.231
build	ğŸ— Setup EAS	2026-01-07T18:00:52.8966328Z â”œâ”€ @expo/timeago.js@1.0.0
build	ğŸ— Setup EAS	2026-01-07T18:00:52.8966895Z â”œâ”€ @hapi/topo@5.1.0
build	ğŸ— Setup EAS	2026-01-07T18:00:52.8967426Z â”œâ”€ @isaacs/cliui@8.0.2
build	ğŸ— Setup EAS	2026-01-07T18:00:52.8968077Z â”œâ”€ @jridgewell/gen-mapping@0.3.13
build	ğŸ— Setup EAS	2026-01-07T18:00:52.8968975Z â”œâ”€ @jridgewell/resolve-uri@3.1.2
build	ğŸ— Setup EAS	2026-01-07T18:00:52.8969679Z â”œâ”€ @jridgewell/sourcemap-codec@1.5.5
build	ğŸ— Setup EAS	2026-01-07T18:00:52.8970462Z â”œâ”€ @jridgewell/trace-mapping@0.3.9
build	ğŸ— Setup EAS	2026-01-07T18:00:52.8971121Z â”œâ”€ @nodelib/fs.scandir@2.1.5
build	ğŸ— Setup EAS	2026-01-07T18:00:52.8971735Z â”œâ”€ @nodelib/fs.stat@2.0.5
build	ğŸ— Setup EAS	2026-01-07T18:00:52.8972333Z â”œâ”€ @oclif/linewrap@1.0.0
build	ğŸ— Setup EAS	2026-01-07T18:00:52.8973025Z â”œâ”€ @oclif/plugin-autocomplete@2.3.10
build	ğŸ— Setup EAS	2026-01-07T18:00:52.8973667Z â”œâ”€ @oclif/screen@3.0.8
build	ğŸ— Setup EAS	2026-01-07T18:00:52.8974239Z â”œâ”€ @pkgjs/parseargs@0.11.0
build	ğŸ— Setup EAS	2026-01-07T18:00:52.8974989Z â”œâ”€ @react-native/normalize-colors@0.76.2
build	ğŸ— Setup EAS	2026-01-07T18:00:52.8975762Z â”œâ”€ @segment/ajv-human-errors@2.15.0
build	ğŸ— Setup EAS	2026-01-07T18:00:52.8976618Z â”œâ”€ @segment/loosely-validate-event@2.0.0
build	ğŸ— Setup EAS	2026-01-07T18:00:52.8977324Z â”œâ”€ @sideway/address@4.1.5
build	ğŸ— Setup EAS	2026-01-07T18:00:52.8977930Z â”œâ”€ @tsconfig/node10@1.0.12
build	ğŸ— Setup EAS	2026-01-07T18:00:52.8978724Z â”œâ”€ @tsconfig/node12@1.0.11
build	ğŸ— Setup EAS	2026-01-07T18:00:52.8979344Z â”œâ”€ @tsconfig/node14@1.0.3
build	ğŸ— Setup EAS	2026-01-07T18:00:52.8979942Z â”œâ”€ @tsconfig/node16@1.0.4
build	ğŸ— Setup EAS	2026-01-07T18:00:52.8980560Z â”œâ”€ @types/bunyan@1.8.11
build	ğŸ— Setup EAS	2026-01-07T18:00:52.8981230Z â”œâ”€ @types/cli-progress@3.11.6
build	ğŸ— Setup EAS	2026-01-07T18:00:52.8981925Z â”œâ”€ @urql/core@4.0.11
build	ğŸ— Setup EAS	2026-01-07T18:00:52.8982593Z â”œâ”€ @urql/exchange-retry@1.2.0
build	ğŸ— Setup EAS	2026-01-07T18:00:52.8983246Z â”œâ”€ acorn-walk@8.3.4
build	ğŸ— Setup EAS	2026-01-07T18:00:52.8983778Z â”œâ”€ acorn@8.15.0
build	ğŸ— Setup EAS	2026-01-07T18:00:52.8984303Z â”œâ”€ agent-base@6.0.2
build	ğŸ— Setup EAS	2026-01-07T18:00:52.8984859Z â”œâ”€ ajv-formats@2.1.1
build	ğŸ— Setup EAS	2026-01-07T18:00:52.8985375Z â”œâ”€ ajv@8.11.0
build	ğŸ— Setup EAS	2026-01-07T18:00:52.8985880Z â”œâ”€ ansicolors@0.3.2
build	ğŸ— Setup EAS	2026-01-07T18:00:52.8986398Z â”œâ”€ arg@4.1.3
build	ğŸ— Setup EAS	2026-01-07T18:00:52.8986950Z â”œâ”€ argparse@1.0.10
build	ğŸ— Setup EAS	2026-01-07T18:00:52.8987515Z â”œâ”€ array-union@2.1.0
build	ğŸ— Setup EAS	2026-01-07T18:00:52.8988065Z â”œâ”€ asn1@0.2.6
build	ğŸ— Setup EAS	2026-01-07T18:00:52.8988955Z â”œâ”€ astral-regex@2.0.0
build	ğŸ— Setup EAS	2026-01-07T18:00:52.8989598Z â”œâ”€ async@3.2.6
build	ğŸ— Setup EAS	2026-01-07T18:00:52.8990223Z â”œâ”€ asynckit@0.4.0
build	ğŸ— Setup EAS	2026-01-07T18:00:52.8990844Z â”œâ”€ balanced-match@1.0.2
build	ğŸ— Setup EAS	2026-01-07T18:00:52.8991458Z â”œâ”€ bare-events@2.8.2
build	ğŸ— Setup EAS	2026-01-07T18:00:52.8992089Z â”œâ”€ base64-js@1.5.1
build	ğŸ— Setup EAS	2026-01-07T18:00:52.8992631Z â”œâ”€ better-opn@3.0.2
build	ğŸ— Setup EAS	2026-01-07T18:00:52.8993190Z â”œâ”€ bplist-creator@0.1.0
build	ğŸ— Setup EAS	2026-01-07T18:00:52.8993777Z â”œâ”€ bplist-parser@0.3.2
build	ğŸ— Setup EAS	2026-01-07T18:00:52.8994322Z â”œâ”€ braces@3.0.3
build	ğŸ— Setup EAS	2026-01-07T18:00:52.8994974Z â”œâ”€ buffer-equal-constant-time@1.0.1
build	ğŸ— Setup EAS	2026-01-07T18:00:52.8995596Z â”œâ”€ bunyan@1.8.15
build	ğŸ— Setup EAS	2026-01-07T18:00:52.8996223Z â”œâ”€ call-bind-apply-helpers@1.0.2
build	ğŸ— Setup EAS	2026-01-07T18:00:52.8996819Z â”œâ”€ charenc@0.0.2
build	ğŸ— Setup EAS	2026-01-07T18:00:52.8997306Z â”œâ”€ chownr@2.0.0
build	ğŸ— Setup EAS	2026-01-07T18:00:52.8997850Z â”œâ”€ cli-cursor@3.1.0
build	ğŸ— Setup EAS	2026-01-07T18:00:52.8998423Z â”œâ”€ cli-progress@3.12.0
build	ğŸ— Setup EAS	2026-01-07T18:00:52.8999286Z â”œâ”€ cli-spinners@2.9.2
build	ğŸ— Setup EAS	2026-01-07T18:00:52.8999836Z â”œâ”€ clone@1.0.4
build	ğŸ— Setup EAS	2026-01-07T18:00:52.9000423Z â”œâ”€ color-convert@2.0.1
build	ğŸ— Setup EAS	2026-01-07T18:00:52.9000994Z â”œâ”€ color-name@1.1.4
build	ğŸ— Setup EAS	2026-01-07T18:00:52.9001589Z â”œâ”€ combined-stream@1.0.8
build	ğŸ— Setup EAS	2026-01-07T18:00:52.9002193Z â”œâ”€ commander@4.1.1
build	ğŸ— Setup EAS	2026-01-07T18:00:52.9002765Z â”œâ”€ component-type@1.2.2
build	ğŸ— Setup EAS	2026-01-07T18:00:52.9003361Z â”œâ”€ concat-map@0.0.1
build	ğŸ— Setup EAS	2026-01-07T18:00:52.9003943Z â”œâ”€ content-type@1.0.5
build	ğŸ— Setup EAS	2026-01-07T18:00:52.9004536Z â”œâ”€ create-require@1.1.1
build	ğŸ— Setup EAS	2026-01-07T18:00:52.9005121Z â”œâ”€ cross-spawn@7.0.6
build	ğŸ— Setup EAS	2026-01-07T18:00:52.9005673Z â”œâ”€ crypt@0.0.2
build	ğŸ— Setup EAS	2026-01-07T18:00:52.9006299Z â”œâ”€ crypto-random-string@2.0.0
build	ğŸ— Setup EAS	2026-01-07T18:00:52.9007286Z â”œâ”€ dateformat@4.6.3
build	ğŸ— Setup EAS	2026-01-07T18:00:52.9007837Z â”œâ”€ debug@4.4.3
build	ğŸ— Setup EAS	2026-01-07T18:00:52.9008405Z â”œâ”€ defaults@1.0.4
build	ğŸ— Setup EAS	2026-01-07T18:00:52.9009233Z â”œâ”€ define-lazy-prop@2.0.0
build	ğŸ— Setup EAS	2026-01-07T18:00:52.9009881Z â”œâ”€ delayed-stream@1.0.0
build	ğŸ— Setup EAS	2026-01-07T18:00:52.9010439Z â”œâ”€ diff@7.0.0
build	ğŸ— Setup EAS	2026-01-07T18:00:52.9010950Z â”œâ”€ dir-glob@3.0.1
build	ğŸ— Setup EAS	2026-01-07T18:00:52.9011457Z â”œâ”€ domino@2.1.6
build	ğŸ— Setup EAS	2026-01-07T18:00:52.9012237Z â”œâ”€ dotenv-expand@11.0.7
build	ğŸ— Setup EAS	2026-01-07T18:00:52.9012775Z â”œâ”€ dotenv@16.3.1
build	ğŸ— Setup EAS	2026-01-07T18:00:52.9013333Z â”œâ”€ dtrace-provider@0.8.8
build	ğŸ— Setup EAS	2026-01-07T18:00:52.9013943Z â”œâ”€ dunder-proto@1.0.1
build	ğŸ— Setup EAS	2026-01-07T18:00:52.9014500Z â”œâ”€ eas-cli@16.28.0
build	ğŸ— Setup EAS	2026-01-07T18:00:52.9015038Z â”œâ”€ eastasianwidth@0.2.0
build	ğŸ— Setup EAS	2026-01-07T18:00:52.9015796Z â”œâ”€ ecdsa-sig-formatter@1.0.11
build	ğŸ— Setup EAS	2026-01-07T18:00:52.9016360Z â”œâ”€ ejs@3.1.10
build	ğŸ— Setup EAS	2026-01-07T18:00:52.9016885Z â”œâ”€ env-paths@2.2.0
build	ğŸ— Setup EAS	2026-01-07T18:00:52.9017412Z â”œâ”€ env-string@1.0.1
build	ğŸ— Setup EAS	2026-01-07T18:00:52.9017945Z â”œâ”€ envinfo@7.11.0
build	ğŸ— Setup EAS	2026-01-07T18:00:52.9018452Z â”œâ”€ err-code@2.0.3
build	ğŸ— Setup EAS	2026-01-07T18:00:52.9019182Z â”œâ”€ error-ex@1.3.4
build	ğŸ— Setup EAS	2026-01-07T18:00:52.9019778Z â”œâ”€ es-define-property@1.0.1
build	ğŸ— Setup EAS	2026-01-07T18:00:52.9020404Z â”œâ”€ es-object-atoms@1.1.1
build	ğŸ— Setup EAS	2026-01-07T18:00:52.9021019Z â”œâ”€ es-set-tostringtag@2.1.0
build	ğŸ— Setup EAS	2026-01-07T18:00:52.9021612Z â”œâ”€ esprima@4.0.1
build	ğŸ— Setup EAS	2026-01-07T18:00:52.9022229Z â”œâ”€ events-universal@1.0.1
build	ğŸ— Setup EAS	2026-01-07T18:00:52.9022875Z â”œâ”€ exec-async@2.2.0
build	ğŸ— Setup EAS	2026-01-07T18:00:52.9023469Z â”œâ”€ fast-deep-equal@3.1.3
build	ğŸ— Setup EAS	2026-01-07T18:00:52.9024090Z â”œâ”€ fast-fifo@1.3.2
build	ğŸ— Setup EAS	2026-01-07T18:00:52.9024678Z â”œâ”€ fast-glob@3.3.2
build	ğŸ— Setup EAS	2026-01-07T18:00:52.9025257Z â”œâ”€ fast-uri@3.1.0
build	ğŸ— Setup EAS	2026-01-07T18:00:52.9025809Z â”œâ”€ fastq@1.20.1
build	ğŸ— Setup EAS	2026-01-07T18:00:52.9026456Z â”œâ”€ fetch-retry@4.1.1
build	ğŸ— Setup EAS	2026-01-07T18:00:52.9027018Z â”œâ”€ figures@3.2.0
build	ğŸ— Setup EAS	2026-01-07T18:00:52.9027335Z â”œâ”€ filelist@1.0.4
build	ğŸ— Setup EAS	2026-01-07T18:00:52.9027634Z â”œâ”€ fill-range@7.1.1
build	ğŸ— Setup EAS	2026-01-07T18:00:52.9027920Z â”œâ”€ find-up@4.1.0
build	ğŸ— Setup EAS	2026-01-07T18:00:52.9028231Z â”œâ”€ foreground-child@3.3.1
build	ğŸ— Setup EAS	2026-01-07T18:00:52.9028740Z â”œâ”€ form-data@4.0.5
build	ğŸ— Setup EAS	2026-01-07T18:00:52.9029069Z â”œâ”€ fs-minipass@2.1.0
build	ğŸ— Setup EAS	2026-01-07T18:00:52.9029615Z â”œâ”€ get-intrinsic@1.3.0
build	ğŸ— Setup EAS	2026-01-07T18:00:52.9041070Z â”œâ”€ get-proto@1.0.1
build	ğŸ— Setup EAS	2026-01-07T18:00:52.9041638Z â”œâ”€ glob@10.5.0
build	ğŸ— Setup EAS	2026-01-07T18:00:52.9042244Z â”œâ”€ golden-fleece@1.0.9
build	ğŸ— Setup EAS	2026-01-07T18:00:52.9042820Z â”œâ”€ gradle-to-js@2.0.1
build	ğŸ— Setup EAS	2026-01-07T18:00:52.9043349Z â”œâ”€ graphql-tag@2.12.6
build	ğŸ— Setup EAS	2026-01-07T18:00:52.9043874Z â”œâ”€ graphql@16.8.1
build	ğŸ— Setup EAS	2026-01-07T18:00:52.9044373Z â”œâ”€ has-symbols@1.1.0
build	ğŸ— Setup EAS	2026-01-07T18:00:52.9044911Z â”œâ”€ has-tostringtag@1.0.2
build	ğŸ— Setup EAS	2026-01-07T18:00:52.9045417Z â”œâ”€ hosted-git-info@7.0.2
build	ğŸ— Setup EAS	2026-01-07T18:00:52.9045760Z â”œâ”€ http-call@5.3.0
build	ğŸ— Setup EAS	2026-01-07T18:00:52.9046092Z â”œâ”€ https-proxy-agent@5.0.1
build	ğŸ— Setup EAS	2026-01-07T18:00:52.9046416Z â”œâ”€ ignore@5.3.0
build	ğŸ— Setup EAS	2026-01-07T18:00:52.9046714Z â”œâ”€ imurmurhash@0.1.4
build	ğŸ— Setup EAS	2026-01-07T18:00:52.9047015Z â”œâ”€ inflight@1.0.6
build	ğŸ— Setup EAS	2026-01-07T18:00:52.9047313Z â”œâ”€ inherits@2.0.4
build	ğŸ— Setup EAS	2026-01-07T18:00:52.9047600Z â”œâ”€ is-arrayish@0.2.1
build	ğŸ— Setup EAS	2026-01-07T18:00:52.9047892Z â”œâ”€ is-buffer@1.1.6
build	ğŸ— Setup EAS	2026-01-07T18:00:52.9048178Z â”œâ”€ is-docker@2.2.1
build	ğŸ— Setup EAS	2026-01-07T18:00:52.9048464Z â”œâ”€ is-extglob@2.1.1
build	ğŸ— Setup EAS	2026-01-07T18:00:52.9049020Z â”œâ”€ is-glob@4.0.3
build	ğŸ— Setup EAS	2026-01-07T18:00:52.9049340Z â”œâ”€ is-interactive@1.0.0
build	ğŸ— Setup EAS	2026-01-07T18:00:52.9049671Z â”œâ”€ is-number@7.0.0
build	ğŸ— Setup EAS	2026-01-07T18:00:52.9049988Z â”œâ”€ is-retry-allowed@1.2.0
build	ğŸ— Setup EAS	2026-01-07T18:00:52.9050308Z â”œâ”€ is-stream@2.0.1
build	ğŸ— Setup EAS	2026-01-07T18:00:52.9050624Z â”œâ”€ is-unicode-supported@0.1.0
build	ğŸ— Setup EAS	2026-01-07T18:00:52.9050944Z â”œâ”€ isexe@2.0.0
build	ğŸ— Setup EAS	2026-01-07T18:00:52.9051244Z â”œâ”€ jackspeak@3.4.3
build	ğŸ— Setup EAS	2026-01-07T18:00:52.9051535Z â”œâ”€ jake@10.9.4
build	ğŸ— Setup EAS	2026-01-07T18:00:52.9051832Z â”œâ”€ jimp-compact@0.16.1
build	ğŸ— Setup EAS	2026-01-07T18:00:52.9052138Z â”œâ”€ jks-js@1.1.0
build	ğŸ— Setup EAS	2026-01-07T18:00:52.9052435Z â”œâ”€ join-component@1.1.0
build	ğŸ— Setup EAS	2026-01-07T18:00:52.9052746Z â”œâ”€ js-tokens@4.0.0
build	ğŸ— Setup EAS	2026-01-07T18:00:52.9053023Z â”œâ”€ jsep@1.4.0
build	ğŸ— Setup EAS	2026-01-07T18:00:52.9053370Z â”œâ”€ json-parse-better-errors@1.0.2
build	ğŸ— Setup EAS	2026-01-07T18:00:52.9053729Z â”œâ”€ jsonwebtoken@9.0.0
build	ğŸ— Setup EAS	2026-01-07T18:00:52.9054021Z â”œâ”€ jwa@1.4.2
build	ğŸ— Setup EAS	2026-01-07T18:00:52.9054286Z â”œâ”€ jws@3.2.3
build	ğŸ— Setup EAS	2026-01-07T18:00:52.9054561Z â”œâ”€ keychain@1.5.0
build	ğŸ— Setup EAS	2026-01-07T18:00:52.9054835Z â”œâ”€ kleur@3.0.3
build	ğŸ— Setup EAS	2026-01-07T18:00:52.9055154Z â”œâ”€ lines-and-columns@1.2.4
build	ğŸ— Setup EAS	2026-01-07T18:00:52.9055470Z â”œâ”€ locate-path@5.0.0
build	ğŸ— Setup EAS	2026-01-07T18:00:52.9055941Z â”œâ”€ lodash.clonedeep@4.5.0
build	ğŸ— Setup EAS	2026-01-07T18:00:52.9056561Z â”œâ”€ lodash.get@4.4.2
build	ğŸ— Setup EAS	2026-01-07T18:00:52.9056873Z â”œâ”€ lodash.merge@4.6.2
build	ğŸ— Setup EAS	2026-01-07T18:00:52.9057284Z â”œâ”€ lodash@4.17.21
build	ğŸ— Setup EAS	2026-01-07T18:00:52.9057578Z â”œâ”€ lru-cache@10.4.3
build	ğŸ— Setup EAS	2026-01-07T18:00:52.9057866Z â”œâ”€ make-error@1.3.6
build	ğŸ— Setup EAS	2026-01-07T18:00:52.9058167Z â”œâ”€ math-intrinsics@1.1.0
build	ğŸ— Setup EAS	2026-01-07T18:00:52.9058459Z â”œâ”€ md5@2.3.0
build	ğŸ— Setup EAS	2026-01-07T18:00:52.9058931Z â”œâ”€ mime-db@1.52.0
build	ğŸ— Setup EAS	2026-01-07T18:00:52.9059415Z â”œâ”€ mime-types@2.1.35
build	ğŸ— Setup EAS	2026-01-07T18:00:52.9059709Z â”œâ”€ mime@3.0.0
build	ğŸ— Setup EAS	2026-01-07T18:00:52.9059992Z â”œâ”€ mimic-fn@2.1.0
build	ğŸ— Setup EAS	2026-01-07T18:00:52.9060278Z â”œâ”€ minimatch@5.1.2
build	ğŸ— Setup EAS	2026-01-07T18:00:52.9060567Z â”œâ”€ minimist@1.2.8
build	ğŸ— Setup EAS	2026-01-07T18:00:52.9060856Z â”œâ”€ minipass@7.1.2
build	ğŸ— Setup EAS	2026-01-07T18:00:52.9061151Z â”œâ”€ minizlib@3.0.1
build	ğŸ— Setup EAS	2026-01-07T18:00:52.9061495Z â”œâ”€ mkdirp@1.0.4
build	ğŸ— Setup EAS	2026-01-07T18:00:52.9061777Z â”œâ”€ moment@2.30.1
build	ğŸ— Setup EAS	2026-01-07T18:00:52.9062068Z â”œâ”€ ms@2.1.3
build	ğŸ— Setup EAS	2026-01-07T18:00:52.9062359Z â”œâ”€ multipasta@0.2.7
build	ğŸ— Setup EAS	2026-01-07T18:00:52.9062717Z â”œâ”€ mute-stream@0.0.8
build	ğŸ— Setup EAS	2026-01-07T18:00:52.9063123Z â”œâ”€ mv@2.1.1
build	ğŸ— Setup EAS	2026-01-07T18:00:52.9063451Z â”œâ”€ mz@2.7.0
build	ğŸ— Setup EAS	2026-01-07T18:00:52.9063720Z â”œâ”€ nan@2.24.0
build	ğŸ— Setup EAS	2026-01-07T18:00:52.9063989Z â”œâ”€ nanoid@3.3.8
build	ğŸ— Setup EAS	2026-01-07T18:00:52.9064264Z â”œâ”€ ncp@2.0.0
build	ğŸ— Setup EAS	2026-01-07T18:00:52.9064547Z â”œâ”€ node-fetch@2.6.7
build	ğŸ— Setup EAS	2026-01-07T18:00:52.9064848Z â”œâ”€ node-int64@0.4.0
build	ğŸ— Setup EAS	2026-01-07T18:00:52.9065134Z â”œâ”€ node-rsa@1.1.1
build	ğŸ— Setup EAS	2026-01-07T18:00:52.9065437Z â”œâ”€ node-stream-zip@1.15.0
build	ğŸ— Setup EAS	2026-01-07T18:00:52.9065772Z â”œâ”€ npm-package-arg@11.0.3
build	ğŸ— Setup EAS	2026-01-07T18:00:52.9066093Z â”œâ”€ nullthrows@1.1.1
build	ğŸ— Setup EAS	2026-01-07T18:00:52.9066389Z â”œâ”€ object-assign@4.1.1
build	ğŸ— Setup EAS	2026-01-07T18:00:52.9066689Z â”œâ”€ onetime@5.1.2
build	ğŸ— Setup EAS	2026-01-07T18:00:52.9066967Z â”œâ”€ open@8.4.2
build	ğŸ— Setup EAS	2026-01-07T18:00:52.9067235Z â”œâ”€ ora@5.1.0
build	ğŸ— Setup EAS	2026-01-07T18:00:52.9067510Z â”œâ”€ p-limit@2.3.0
build	ğŸ— Setup EAS	2026-01-07T18:00:52.9067800Z â”œâ”€ p-locate@4.1.0
build	ğŸ— Setup EAS	2026-01-07T18:00:52.9068077Z â”œâ”€ p-try@2.2.0
build	ğŸ— Setup EAS	2026-01-07T18:00:52.9068845Z â”œâ”€ package-json-from-dist@1.0.1
build	ğŸ— Setup EAS	2026-01-07T18:00:52.9069212Z â”œâ”€ parse-json@4.0.0
build	ğŸ— Setup EAS	2026-01-07T18:00:52.9069518Z â”œâ”€ parse-png@2.1.0
build	ğŸ— Setup EAS	2026-01-07T18:00:52.9069834Z â”œâ”€ path-is-absolute@1.0.1
build	ğŸ— Setup EAS	2026-01-07T18:00:52.9070156Z â”œâ”€ path-key@3.1.1
build	ğŸ— Setup EAS	2026-01-07T18:00:52.9070478Z â”œâ”€ path-scurry@1.11.1
build	ğŸ— Setup EAS	2026-01-07T18:00:52.9070786Z â”œâ”€ path-type@4.0.0
build	ğŸ— Setup EAS	2026-01-07T18:00:52.9071078Z â”œâ”€ picocolors@1.1.1
build	ğŸ— Setup EAS	2026-01-07T18:00:52.9071374Z â”œâ”€ picomatch@2.3.1
build	ğŸ— Setup EAS	2026-01-07T18:00:52.9071648Z â”œâ”€ pirates@4.0.7
build	ğŸ— Setup EAS	2026-01-07T18:00:52.9071936Z â”œâ”€ pkg-dir@4.2.0
build	ğŸ— Setup EAS	2026-01-07T18:00:52.9072205Z â”œâ”€ plist@3.1.0
build	ğŸ— Setup EAS	2026-01-07T18:00:52.9072477Z â”œâ”€ pngjs@7.0.0
build	ğŸ— Setup EAS	2026-01-07T18:00:52.9072779Z â”œâ”€ proc-log@4.2.0
build	ğŸ— Setup EAS	2026-01-07T18:00:52.9073081Z â”œâ”€ promise-limit@2.7.0
build	ğŸ— Setup EAS	2026-01-07T18:00:52.9073397Z â”œâ”€ promise-retry@2.0.1
build	ğŸ— Setup EAS	2026-01-07T18:00:52.9073688Z â”œâ”€ prompts@2.4.2
build	ğŸ— Setup EAS	2026-01-07T18:00:52.9073976Z â”œâ”€ punycode@2.3.1
build	ğŸ— Setup EAS	2026-01-07T18:00:52.9074277Z â”œâ”€ qrcode-terminal@0.12.0
build	ğŸ— Setup EAS	2026-01-07T18:00:52.9074605Z â”œâ”€ queue-microtask@1.2.3
build	ğŸ— Setup EAS	2026-01-07T18:00:52.9074906Z â”œâ”€ redeyed@2.1.1
build	ğŸ— Setup EAS	2026-01-07T18:00:52.9075241Z â”œâ”€ remove-trailing-slash@0.1.1
build	ğŸ— Setup EAS	2026-01-07T18:00:52.9075580Z â”œâ”€ restore-cursor@3.1.0
build	ğŸ— Setup EAS	2026-01-07T18:00:52.9075870Z â”œâ”€ retry@0.12.0
build	ğŸ— Setup EAS	2026-01-07T18:00:52.9076141Z â”œâ”€ reusify@1.1.0
build	ğŸ— Setup EAS	2026-01-07T18:00:52.9076624Z â”œâ”€ rimraf@5.0.10
build	ğŸ— Setup EAS	2026-01-07T18:00:52.9076932Z â”œâ”€ run-parallel@1.2.0
build	ğŸ— Setup EAS	2026-01-07T18:00:52.9077261Z â”œâ”€ safe-json-stringify@1.2.0
build	ğŸ— Setup EAS	2026-01-07T18:00:52.9077589Z â”œâ”€ safer-buffer@2.1.2
build	ğŸ— Setup EAS	2026-01-07T18:00:52.9077877Z â”œâ”€ sax@1.4.3
build	ğŸ— Setup EAS	2026-01-07T18:00:52.9078143Z â”œâ”€ semver@7.7.3
build	ğŸ— Setup EAS	2026-01-07T18:00:52.9078448Z â”œâ”€ set-interval-async@3.0.3
build	ğŸ— Setup EAS	2026-01-07T18:00:52.9078968Z â”œâ”€ shebang-command@2.0.0
build	ğŸ— Setup EAS	2026-01-07T18:00:52.9079300Z â”œâ”€ shebang-regex@3.0.0
build	ğŸ— Setup EAS	2026-01-07T18:00:52.9079611Z â”œâ”€ simple-plist@1.3.1
build	ğŸ— Setup EAS	2026-01-07T18:00:52.9079910Z â”œâ”€ sisteransi@1.0.5
build	ğŸ— Setup EAS	2026-01-07T18:00:52.9080206Z â”œâ”€ slice-ansi@4.0.0
build	ğŸ— Setup EAS	2026-01-07T18:00:52.9080489Z â”œâ”€ split@1.0.1
build	ğŸ— Setup EAS	2026-01-07T18:00:52.9080785Z â”œâ”€ sprintf-js@1.0.3
build	ğŸ— Setup EAS	2026-01-07T18:00:52.9081082Z â”œâ”€ stream-buffers@2.2.0
build	ğŸ— Setup EAS	2026-01-07T18:00:52.9081385Z â”œâ”€ streamx@2.23.0
build	ğŸ— Setup EAS	2026-01-07T18:00:52.9081688Z â”œâ”€ string-width-cjs@4.2.3
build	ğŸ— Setup EAS	2026-01-07T18:00:52.9082012Z â”œâ”€ strip-ansi-cjs@6.0.1
build	ğŸ— Setup EAS	2026-01-07T18:00:52.9082323Z â”œâ”€ sudo-prompt@9.1.1
build	ğŸ— Setup EAS	2026-01-07T18:00:52.9082638Z â”œâ”€ supports-color@7.2.0
build	ğŸ— Setup EAS	2026-01-07T18:00:52.9082945Z â”œâ”€ tar-stream@3.1.7
build	ğŸ— Setup EAS	2026-01-07T18:00:52.9083407Z â”œâ”€ tar@6.2.1
build	ğŸ— Setup EAS	2026-01-07T18:00:52.9083691Z â”œâ”€ temp-dir@2.0.0
build	ğŸ— Setup EAS	2026-01-07T18:00:52.9083987Z â”œâ”€ text-decoder@1.2.3
build	ğŸ— Setup EAS	2026-01-07T18:00:52.9084289Z â”œâ”€ thenify-all@1.6.0
build	ğŸ— Setup EAS	2026-01-07T18:00:52.9084575Z â”œâ”€ thenify@3.3.1
build	ğŸ— Setup EAS	2026-01-07T18:00:52.9084866Z â”œâ”€ this-file@2.0.3
build	ğŸ— Setup EAS	2026-01-07T18:00:52.9085140Z â”œâ”€ through@2.3.8
build	ğŸ— Setup EAS	2026-01-07T18:00:52.9085434Z â”œâ”€ to-regex-range@5.0.1
build	ğŸ— Setup EAS	2026-01-07T18:00:52.9085865Z â”œâ”€ tr46@0.0.3
build	ğŸ— Setup EAS	2026-01-07T18:00:52.9086153Z â”œâ”€ ts-deepmerge@6.2.0
build	ğŸ— Setup EAS	2026-01-07T18:00:52.9086497Z â”œâ”€ ts-interface-checker@0.1.13
build	ğŸ— Setup EAS	2026-01-07T18:00:52.9086824Z â”œâ”€ ts-node@10.9.2
build	ğŸ— Setup EAS	2026-01-07T18:00:52.9087101Z â”œâ”€ tslib@2.8.1
build	ğŸ— Setup EAS	2026-01-07T18:00:52.9087387Z â”œâ”€ tunnel-agent@0.6.0
build	ğŸ— Setup EAS	2026-01-07T18:00:52.9087680Z â”œâ”€ turndown@7.1.2
build	ğŸ— Setup EAS	2026-01-07T18:00:52.9087968Z â”œâ”€ type-fest@0.21.3
build	ğŸ— Setup EAS	2026-01-07T18:00:52.9088273Z â”œâ”€ undici-types@7.16.0
build	ğŸ— Setup EAS	2026-01-07T18:00:52.9088778Z â”œâ”€ unique-string@2.0.0
build	ğŸ— Setup EAS	2026-01-07T18:00:52.9089107Z â”œâ”€ untildify@4.0.0
build	ğŸ— Setup EAS	2026-01-07T18:00:52.9089392Z â”œâ”€ uri-js@4.4.1
build	ğŸ— Setup EAS	2026-01-07T18:00:52.9089661Z â”œâ”€ uuid@8.3.2
build	ğŸ— Setup EAS	2026-01-07T18:00:52.9089980Z â”œâ”€ v8-compile-cache-lib@3.0.1
build	ğŸ— Setup EAS	2026-01-07T18:00:52.9090376Z â”œâ”€ validate-npm-package-name@5.0.1
build	ğŸ— Setup EAS	2026-01-07T18:00:52.9090751Z â”œâ”€ webidl-conversions@3.0.1
build	ğŸ— Setup EAS	2026-01-07T18:00:52.9091063Z â”œâ”€ which@2.0.2
build	ğŸ— Setup EAS	2026-01-07T18:00:52.9091344Z â”œâ”€ wordwrap@1.0.0
build	ğŸ— Setup EAS	2026-01-07T18:00:52.9091639Z â”œâ”€ wrap-ansi-cjs@7.0.0
build	ğŸ— Setup EAS	2026-01-07T18:00:52.9091958Z â”œâ”€ yaml@2.6.0
build	ğŸ— Setup EAS	2026-01-07T18:00:52.9092223Z â”œâ”€ yn@3.1.1
build	ğŸ— Setup EAS	2026-01-07T18:00:52.9092511Z â””â”€ yocto-queue@0.1.0
build	ğŸ— Setup EAS	2026-01-07T18:00:52.9092802Z Done in 11.43s.
build	ğŸ— Setup EAS	2026-01-07T18:00:57.1730609Z [command]/usr/bin/tar --posix -cf cache.tzst --exclude cache.tzst -P -C /home/runner/work/kiko/kiko --files-from manifest.txt --use-compress-program zstdmt
build	ğŸ— Setup EAS	2026-01-07T18:00:57.7560615Z ##[warning]Failed to save: <h2>Our services aren't available right now</h2><p>We're working to restore all services as soon as possible. Please check back soon.</p>0WZ9eaQAAAACbT5Oz6fF8SYA4i6ejML5cUEhMMzBFREdFMDQwOQBFZGdl
build	ğŸ— Setup EAS	2026-01-07T18:00:57.7586623Z ##[endgroup]
build	ğŸ— Setup EAS	2026-01-07T18:00:57.7587130Z ##[group]Validating authenticated account
build	ğŸ— Setup EAS	2026-01-07T18:00:57.7607135Z [command]/opt/hostedtoolcache/eas-cli/16.28.0/x64/node_modules/.bin/eas whoami
build	ğŸ— Setup EAS	2026-01-07T18:00:58.5696763Z pierretulle (authenticated using EXPO_TOKEN)
build	ğŸ— Setup EAS	2026-01-07T18:00:58.7642376Z ##[endgroup]
build	ğŸ— Setup EAS	2026-01-07T18:00:58.7642982Z ##[group]Patching system watchers for the 'ENOSPC' error
build	ğŸ— Setup EAS	2026-01-07T18:00:58.7661395Z [command]/usr/bin/sudo sysctl fs.inotify.max_user_instances=524288
build	ğŸ— Setup EAS	2026-01-07T18:00:58.7743620Z fs.inotify.max_user_instances = 524288
build	ğŸ— Setup EAS	2026-01-07T18:00:58.7771131Z [command]/usr/bin/sudo sysctl fs.inotify.max_user_watches=524288
build	ğŸ— Setup EAS	2026-01-07T18:00:58.7849379Z fs.inotify.max_user_watches = 524288
build	ğŸ— Setup EAS	2026-01-07T18:00:58.7875303Z [command]/usr/bin/sudo sysctl fs.inotify.max_queued_events=524288
build	ğŸ— Setup EAS	2026-01-07T18:00:58.7952234Z fs.inotify.max_queued_events = 524288
build	ğŸ— Setup EAS	2026-01-07T18:00:58.7977513Z [command]/usr/bin/sudo sysctl -p
build	ğŸ— Setup EAS	2026-01-07T18:00:58.8054509Z vm.max_map_count = 262144
build	ğŸ— Setup EAS	2026-01-07T18:00:58.8055224Z fs.inotify.max_user_watches = 655360
build	ğŸ— Setup EAS	2026-01-07T18:00:58.8056277Z fs.inotify.max_user_instances = 1280
build	ğŸ— Setup EAS	2026-01-07T18:00:58.8056869Z vm.mmap_rnd_bits = 28
build	ğŸ— Setup EAS	2026-01-07T18:00:58.8065808Z Patched system watchers for the `ENOSPC` error.
build	ğŸ— Setup EAS	2026-01-07T18:00:58.8066526Z ##[endgroup]
build	ğŸ“¦ Install dependencies	ï»¿2026-01-07T18:00:58.8215878Z ##[group]Run pnpm install
build	ğŸ“¦ Install dependencies	2026-01-07T18:00:58.8216292Z [36;1mpnpm install[0m
build	ğŸ“¦ Install dependencies	2026-01-07T18:00:58.8266647Z shell: /usr/bin/bash -e ***0***
build	ğŸ“¦ Install dependencies	2026-01-07T18:00:58.8267197Z env:
build	ğŸ“¦ Install dependencies	2026-01-07T18:00:58.8267511Z   PNPM_HOME: /home/runner/setup-pnpm/node_modules/.bin
build	ğŸ“¦ Install dependencies	2026-01-07T18:00:58.8268012Z   JAVA_HOME: /opt/hostedtoolcache/Java_Temurin-Hotspot_jdk/17.0.17-10/x64
build	ğŸ“¦ Install dependencies	2026-01-07T18:00:58.8268862Z   JAVA_HOME_17_X64: /opt/hostedtoolcache/Java_Temurin-Hotspot_jdk/17.0.17-10/x64
build	ğŸ“¦ Install dependencies	2026-01-07T18:00:58.8269402Z   EXPO_TOKEN: ***
build	ğŸ“¦ Install dependencies	2026-01-07T18:00:58.8269664Z ##[endgroup]
build	ğŸ“¦ Install dependencies	2026-01-07T18:00:59.2997440Z â€‰WARNâ€‰ Ignoring not compatible lockfile at /home/runner/work/kiko/kiko/pnpm-lock.yaml
build	ğŸ“¦ Install dependencies	2026-01-07T18:00:59.4393845Z Progress: resolved 1, reused 0, downloaded 0, added 0
build	ğŸ“¦ Install dependencies	2026-01-07T18:01:00.4714849Z Progress: resolved 69, reused 0, downloaded 59, added 0
build	ğŸ“¦ Install dependencies	2026-01-07T18:01:01.4712887Z Progress: resolved 114, reused 0, downloaded 92, added 0
build	ğŸ“¦ Install dependencies	2026-01-07T18:01:02.4783517Z Progress: resolved 214, reused 0, downloaded 198, added 0
build	ğŸ“¦ Install dependencies	2026-01-07T18:01:03.4781632Z Progress: resolved 321, reused 0, downloaded 280, added 0
build	ğŸ“¦ Install dependencies	2026-01-07T18:01:04.4791280Z Progress: resolved 456, reused 0, downloaded 409, added 0
build	ğŸ“¦ Install dependencies	2026-01-07T18:01:05.4809676Z Progress: resolved 585, reused 0, downloaded 524, added 0
build	ğŸ“¦ Install dependencies	2026-01-07T18:01:06.4801910Z Progress: resolved 724, reused 0, downloaded 644, added 0
build	ğŸ“¦ Install dependencies	2026-01-07T18:01:07.5027140Z Progress: resolved 759, reused 0, downloaded 668, added 0
build	ğŸ“¦ Install dependencies	2026-01-07T18:01:08.5029328Z Progress: resolved 911, reused 0, downloaded 812, added 0
build	ğŸ“¦ Install dependencies	2026-01-07T18:01:09.5022108Z Progress: resolved 1103, reused 0, downloaded 982, added 0
build	ğŸ“¦ Install dependencies	2026-01-07T18:01:10.5028864Z Progress: resolved 1203, reused 0, downloaded 1080, added 0
build	ğŸ“¦ Install dependencies	2026-01-07T18:01:11.5033444Z Progress: resolved 1393, reused 0, downloaded 1289, added 0
build	ğŸ“¦ Install dependencies	2026-01-07T18:01:11.9878947Z â€‰WARNâ€‰ 12 deprecated subdependencies found: @babel/plugin-proposal-class-properties@7.18.6, @babel/plugin-proposal-nullish-coalescing-operator@7.18.6, @babel/plugin-proposal-optional-chaining@7.21.0, @xmldom/xmldom@0.7.13, abab@2.0.6, domexception@4.0.0, glob@7.2.3, inflight@1.0.6, node-domexception@1.0.0, rimraf@2.6.3, rimraf@3.0.2, whatwg-encoding@2.0.0
build	ğŸ“¦ Install dependencies	2026-01-07T18:01:12.0725440Z Packages: +1382
build	ğŸ“¦ Install dependencies	2026-01-07T18:01:12.0726263Z ++++++++++++++++++++++++++++++++++++++++++++++++++++++++++++++++++++++++++++++++
build	ğŸ“¦ Install dependencies	2026-01-07T18:01:12.5035518Z Progress: resolved 1432, reused 0, downloaded 1377, added 529
build	ğŸ“¦ Install dependencies	2026-01-07T18:01:13.4398932Z Progress: resolved 1432, reused 0, downloaded 1383, added 1382, done
build	ğŸ“¦ Install dependencies	2026-01-07T18:01:13.7417242Z .../node_modules/@firebase/util postinstall$ node ./postinstall.js
build	ğŸ“¦ Install dependencies	2026-01-07T18:01:13.7844311Z .../node_modules/@firebase/util postinstall: Done
build	ğŸ“¦ Install dependencies	2026-01-07T18:01:13.8139435Z .../esbuild@0.27.2/node_modules/esbuild postinstall$ node install.js
build	ğŸ“¦ Install dependencies	2026-01-07T18:01:13.8662398Z .../esbuild@0.27.2/node_modules/esbuild postinstall: Done
build	ğŸ“¦ Install dependencies	2026-01-07T18:01:13.9123269Z .../node_modules/protobufjs postinstall$ node scripts/postinstall
build	ğŸ“¦ Install dependencies	2026-01-07T18:01:13.9311835Z .../sharp@0.33.5/node_modules/sharp install$ node install/check
build	ğŸ“¦ Install dependencies	2026-01-07T18:01:13.9535693Z .../node_modules/protobufjs postinstall: Done
build	ğŸ“¦ Install dependencies	2026-01-07T18:01:14.0206363Z .../sharp@0.33.5/node_modules/sharp install: Done
build	ğŸ“¦ Install dependencies	2026-01-07T18:01:15.7120392Z 
build	ğŸ“¦ Install dependencies	2026-01-07T18:01:15.7121248Z > timalaus@1.6.5 postinstall /home/runner/work/kiko/kiko
build	ğŸ“¦ Install dependencies	2026-01-07T18:01:15.7121714Z > patch-package
build	ğŸ“¦ Install dependencies	2026-01-07T18:01:15.7121886Z 
build	ğŸ“¦ Install dependencies	2026-01-07T18:01:15.8746757Z patch-package 8.0.1
build	ğŸ“¦ Install dependencies	2026-01-07T18:01:15.8750973Z Applying patches...
build	ğŸ“¦ Install dependencies	2026-01-07T18:01:15.8755467Z No patch files found
build	ğŸ“¦ Install dependencies	2026-01-07T18:01:15.8835601Z 
build	ğŸ“¦ Install dependencies	2026-01-07T18:01:15.8836511Z dependencies:
build	ğŸ“¦ Install dependencies	2026-01-07T18:01:15.8837555Z + @anthropic-ai/sdk 0.54.0 (0.71.2 is available)
build	ğŸ“¦ Install dependencies	2026-01-07T18:01:15.8839165Z + @babel/runtime 7.28.4
build	ğŸ“¦ Install dependencies	2026-01-07T18:01:15.8840886Z + @expo-google-fonts/montserrat 0.2.3 (0.4.2 is available)
build	ğŸ“¦ Install dependencies	2026-01-07T18:01:15.8841975Z + @expo/config-plugins 54.0.4
build	ğŸ“¦ Install dependencies	2026-01-07T18:01:15.8843072Z + @expo/vector-icons 14.0.4 (15.0.3 is available)
build	ğŸ“¦ Install dependencies	2026-01-07T18:01:15.8846203Z + @google/generative-ai 0.24.1
build	ğŸ“¦ Install dependencies	2026-01-07T18:01:15.8847145Z + @react-native-async-storage/async-storage 1.23.1 (2.2.0 is available)
build	ğŸ“¦ Install dependencies	2026-01-07T18:01:15.8854453Z + @react-native-clipboard/clipboard 1.16.3
build	ğŸ“¦ Install dependencies	2026-01-07T18:01:15.8855449Z + @react-native-community/cli 20.1.0
build	ğŸ“¦ Install dependencies	2026-01-07T18:01:15.8856174Z + @react-native-firebase/analytics 23.7.0
build	ğŸ“¦ Install dependencies	2026-01-07T18:01:15.8856853Z + @react-native-firebase/app 23.7.0
build	ğŸ“¦ Install dependencies	2026-01-07T18:01:15.8857553Z + @react-navigation/bottom-tabs 7.9.0
build	ğŸ“¦ Install dependencies	2026-01-07T18:01:15.8858253Z + @react-navigation/native 7.1.26
build	ğŸ“¦ Install dependencies	2026-01-07T18:01:15.8859080Z + @supabase/supabase-js 2.90.0
build	ğŸ“¦ Install dependencies	2026-01-07T18:01:15.8859693Z + csv-parse 5.6.0 (6.1.0 is available)
build	ğŸ“¦ Install dependencies	2026-01-07T18:01:15.8860302Z + csv-parser 3.2.0
build	ğŸ“¦ Install dependencies	2026-01-07T18:01:15.8860854Z + dotenv 16.6.1 (17.2.3 is available)
build	ğŸ“¦ Install dependencies	2026-01-07T18:01:15.8861501Z + expo 52.0.48 (54.0.31 is available)
build	ğŸ“¦ Install dependencies	2026-01-07T18:01:15.8862217Z + expo-application 6.0.2 (7.0.8 is available)
build	ğŸ“¦ Install dependencies	2026-01-07T18:01:15.8863287Z + expo-asset 11.0.5 (12.0.12 is available)
build	ğŸ“¦ Install dependencies	2026-01-07T18:01:15.8864060Z + expo-auth-session 6.0.3 (7.0.10 is available)
build	ğŸ“¦ Install dependencies	2026-01-07T18:01:15.8864979Z + expo-blur 14.0.3 (15.0.8 is available)
build	ğŸ“¦ Install dependencies	2026-01-07T18:01:15.8865781Z + expo-build-properties 0.13.3 (1.0.10 is available)
build	ğŸ“¦ Install dependencies	2026-01-07T18:01:15.8866627Z + expo-constants 17.0.8 (18.0.13 is available)
build	ğŸ“¦ Install dependencies	2026-01-07T18:01:15.8867335Z + expo-crypto 14.0.2 (15.0.8 is available)
build	ğŸ“¦ Install dependencies	2026-01-07T18:01:15.8868061Z + expo-dev-client 5.0.20 (6.0.20 is available)
build	ğŸ“¦ Install dependencies	2026-01-07T18:01:15.8868821Z + expo-env 1.1.1
build	ğŸ“¦ Install dependencies	2026-01-07T18:01:15.8869421Z + expo-file-system 18.0.12 (19.0.21 is available)
build	ğŸ“¦ Install dependencies	2026-01-07T18:01:15.8870090Z + expo-font 13.0.4 (14.0.10 is available)
build	ğŸ“¦ Install dependencies	2026-01-07T18:01:15.8870771Z + expo-haptics 14.0.1 (15.0.8 is available)
build	ğŸ“¦ Install dependencies	2026-01-07T18:01:15.8871483Z + expo-image 2.0.7 (3.0.11 is available)
build	ğŸ“¦ Install dependencies	2026-01-07T18:01:15.8872257Z + expo-linear-gradient 14.0.2 (15.0.8 is available)
build	ğŸ“¦ Install dependencies	2026-01-07T18:01:15.8873063Z + expo-linking 7.0.5 (8.0.11 is available)
build	ğŸ“¦ Install dependencies	2026-01-07T18:01:15.8873841Z + expo-navigation-bar 4.0.9 (5.0.10 is available)
build	ğŸ“¦ Install dependencies	2026-01-07T18:01:15.8874599Z + expo-router 4.0.22 (6.0.21 is available)
build	ğŸ“¦ Install dependencies	2026-01-07T18:01:15.8875350Z + expo-status-bar 2.0.1 (3.0.9 is available)
build	ğŸ“¦ Install dependencies	2026-01-07T18:01:15.8876074Z + expo-symbols 0.2.2 (1.0.8 is available)
build	ğŸ“¦ Install dependencies	2026-01-07T18:01:15.8877163Z + expo-system-ui 4.0.9 (6.0.9 is available)
build	ğŸ“¦ Install dependencies	2026-01-07T18:01:15.8877869Z + expo-web-browser 14.0.2 (15.0.10 is available)
build	ğŸ“¦ Install dependencies	2026-01-07T18:01:15.8878462Z + google-auth-library 10.5.0
build	ğŸ“¦ Install dependencies	2026-01-07T18:01:15.8879266Z + googleapis 166.0.0 (169.0.0 is available)
build	ğŸ“¦ Install dependencies	2026-01-07T18:01:15.8879821Z + node-fetch 3.3.2
build	ğŸ“¦ Install dependencies	2026-01-07T18:01:15.8880333Z + openai 5.23.2 (6.15.0 is available)
build	ğŸ“¦ Install dependencies	2026-01-07T18:01:15.8880843Z + papaparse 5.5.3
build	ğŸ“¦ Install dependencies	2026-01-07T18:01:15.8881342Z + react 18.3.1 (19.2.3 is available)
build	ğŸ“¦ Install dependencies	2026-01-07T18:01:15.8881925Z + react-dom 18.3.1 (19.2.3 is available)
build	ğŸ“¦ Install dependencies	2026-01-07T18:01:15.8882520Z + react-native 0.76.9 (0.83.1 is available)
build	ğŸ“¦ Install dependencies	2026-01-07T18:01:15.8883027Z + react-native-fs 2.20.0
build	ğŸ“¦ Install dependencies	2026-01-07T18:01:15.8883678Z + react-native-gesture-handler 2.20.2 (2.30.0 is available)
build	ğŸ“¦ Install dependencies	2026-01-07T18:01:15.8884587Z + react-native-google-mobile-ads 14.11.0 (16.0.1 is available)
build	ğŸ“¦ Install dependencies	2026-01-07T18:01:15.8885445Z + react-native-reanimated 3.16.7 (4.2.1 is available)
build	ğŸ“¦ Install dependencies	2026-01-07T18:01:15.8886281Z + react-native-safe-area-context 4.12.0 (5.6.2 is available)
build	ğŸ“¦ Install dependencies	2026-01-07T18:01:15.8887106Z + react-native-screens 4.4.0 (4.19.0 is available)
build	ğŸ“¦ Install dependencies	2026-01-07T18:01:15.8887727Z + react-native-share 12.2.2
build	ğŸ“¦ Install dependencies	2026-01-07T18:01:15.8888396Z + react-native-url-polyfill 2.0.0 (3.0.0 is available)
build	ğŸ“¦ Install dependencies	2026-01-07T18:01:15.8895632Z + react-native-view-shot 4.0.3
build	ğŸ“¦ Install dependencies	2026-01-07T18:01:15.8896412Z + react-native-web 0.19.13 (0.21.2 is available)
build	ğŸ“¦ Install dependencies	2026-01-07T18:01:15.8897242Z + react-native-webview 13.12.5 (13.16.0 is available)
build	ğŸ“¦ Install dependencies	2026-01-07T18:01:15.8897898Z + replicate 1.4.0
build	ğŸ“¦ Install dependencies	2026-01-07T18:01:15.8898404Z + twitter-api-v2 1.28.0
build	ğŸ“¦ Install dependencies	2026-01-07T18:01:15.8899194Z + uuid 11.1.0 (13.0.0 is available)
build	ğŸ“¦ Install dependencies	2026-01-07T18:01:15.8899552Z 
build	ğŸ“¦ Install dependencies	2026-01-07T18:01:15.8899754Z devDependencies:
build	ğŸ“¦ Install dependencies	2026-01-07T18:01:15.8900231Z + @babel/core 7.28.5
build	ğŸ“¦ Install dependencies	2026-01-07T18:01:15.8900716Z + @types/cors 2.8.19
build	ğŸ“¦ Install dependencies	2026-01-07T18:01:15.8901208Z + @types/express 5.0.6
build	ğŸ“¦ Install dependencies	2026-01-07T18:01:15.8902186Z + @types/jest 29.5.14 (30.0.0 is available)
build	ğŸ“¦ Install dependencies	2026-01-07T18:01:15.8902884Z + @types/react 18.3.27 (19.2.7 is available)
build	ğŸ“¦ Install dependencies	2026-01-07T18:01:15.8903657Z + @types/react-test-renderer 18.3.1 (19.1.0 is available)
build	ğŸ“¦ Install dependencies	2026-01-07T18:01:15.8904577Z + axios 1.13.2
build	ğŸ“¦ Install dependencies	2026-01-07T18:01:15.8905073Z + babel-plugin-module-resolver 5.0.2
build	ğŸ“¦ Install dependencies	2026-01-07T18:01:15.8905783Z + babel-plugin-transform-remove-console 6.9.4
build	ğŸ“¦ Install dependencies	2026-01-07T18:01:15.8906443Z + babel-preset-expo 54.0.9
build	ğŸ“¦ Install dependencies	2026-01-07T18:01:15.8906931Z + cors 2.8.5
build	ğŸ“¦ Install dependencies	2026-01-07T18:01:15.8907366Z + csv-writer 1.6.0
build	ğŸ“¦ Install dependencies	2026-01-07T18:01:15.8907798Z + express 5.2.1
build	ğŸ“¦ Install dependencies	2026-01-07T18:01:15.8908256Z + firebase-admin 13.6.0
build	ğŸ“¦ Install dependencies	2026-01-07T18:01:15.8908974Z + jest 29.7.0 (30.2.0 is available)
build	ğŸ“¦ Install dependencies	2026-01-07T18:01:15.8909611Z + jest-expo 52.0.6 (54.0.16 is available)
build	ğŸ“¦ Install dependencies	2026-01-07T18:01:15.8910194Z + patch-package 8.0.1
build	ğŸ“¦ Install dependencies	2026-01-07T18:01:15.8910836Z + react-test-renderer 18.3.1 (19.2.3 is available)
build	ğŸ“¦ Install dependencies	2026-01-07T18:01:15.8911526Z + sharp 0.33.5 (0.34.5 is available)
build	ğŸ“¦ Install dependencies	2026-01-07T18:01:15.8912039Z + tsx 4.21.0
build	ğŸ“¦ Install dependencies	2026-01-07T18:01:15.8912486Z + typescript 5.9.3
build	ğŸ“¦ Install dependencies	2026-01-07T18:01:15.8912748Z 
build	ğŸ“¦ Install dependencies	2026-01-07T18:01:15.8913446Z â€‰WARNâ€‰ Issues with peer dependencies found
build	ğŸ“¦ Install dependencies	2026-01-07T18:01:15.8914159Z .
build	ğŸ“¦ Install dependencies	2026-01-07T18:01:15.8914676Z â””â”€â”¬ jest-expo 52.0.6
build	ğŸ“¦ Install dependencies	2026-01-07T18:01:15.8915501Z   â””â”€â”¬ react-server-dom-webpack 19.0.0-rc-6230622a1a-20240610
build	ğŸ“¦ Install dependencies	2026-01-07T18:01:15.8916547Z     â”œâ”€â”€ âœ• unmet peer react@19.0.0-rc-6230622a1a-20240610: found 18.3.1
build	ğŸ“¦ Install dependencies	2026-01-07T18:01:15.8917618Z     â””â”€â”€ âœ• unmet peer react-dom@19.0.0-rc-6230622a1a-20240610: found 18.3.1
build	ğŸ“¦ Install dependencies	2026-01-07T18:01:15.8918145Z 
build	ğŸ“¦ Install dependencies	2026-01-07T18:01:15.8918336Z Done in 17s
build	ğŸ”‘ Prepare Play Store Key	ï»¿2026-01-07T18:01:16.0414702Z ##[group]Run echo '***
build	ğŸ”‘ Prepare Play Store Key	2026-01-07T18:01:16.0415296Z [36;1mecho '***[0m
build	ğŸ”‘ Prepare Play Store Key	2026-01-07T18:01:16.0415795Z [36;1m  ***[0m
build	ğŸ”‘ Prepare Play Store Key	2026-01-07T18:01:16.0416272Z [36;1m  ***[0m
build	ğŸ”‘ Prepare Play Store Key	2026-01-07T18:01:16.0416900Z [36;1m  ***[0m
build	ğŸ”‘ Prepare Play Store Key	2026-01-07T18:01:16.0425325Z [36;1m  ***[0m
build	ğŸ”‘ Prepare Play Store Key	2026-01-07T18:01:16.0425992Z [36;1m  ***[0m
build	ğŸ”‘ Prepare Play Store Key	2026-01-07T18:01:16.0426879Z [36;1m  ***[0m
build	ğŸ”‘ Prepare Play Store Key	2026-01-07T18:01:16.0427475Z [36;1m  ***[0m
build	ğŸ”‘ Prepare Play Store Key	2026-01-07T18:01:16.0428167Z [36;1m  ***[0m
build	ğŸ”‘ Prepare Play Store Key	2026-01-07T18:01:16.0429164Z [36;1m  ***[0m
build	ğŸ”‘ Prepare Play Store Key	2026-01-07T18:01:16.0430253Z [36;1m  ***[0m
build	ğŸ”‘ Prepare Play Store Key	2026-01-07T18:01:16.0430906Z [36;1m  ***[0m
build	ğŸ”‘ Prepare Play Store Key	2026-01-07T18:01:16.0431417Z [36;1m***' > kiko-chrono-e34241a84e41.json[0m
build	ğŸ”‘ Prepare Play Store Key	2026-01-07T18:01:16.0472747Z shell: /usr/bin/bash -e ***0***
build	ğŸ”‘ Prepare Play Store Key	2026-01-07T18:01:16.0473105Z env:
build	ğŸ”‘ Prepare Play Store Key	2026-01-07T18:01:16.0473440Z   PNPM_HOME: /home/runner/setup-pnpm/node_modules/.bin
build	ğŸ”‘ Prepare Play Store Key	2026-01-07T18:01:16.0473937Z   JAVA_HOME: /opt/hostedtoolcache/Java_Temurin-Hotspot_jdk/17.0.17-10/x64
build	ğŸ”‘ Prepare Play Store Key	2026-01-07T18:01:16.0474502Z   JAVA_HOME_17_X64: /opt/hostedtoolcache/Java_Temurin-Hotspot_jdk/17.0.17-10/x64
build	ğŸ”‘ Prepare Play Store Key	2026-01-07T18:01:16.0475082Z   EXPO_TOKEN: ***
build	ğŸ”‘ Prepare Play Store Key	2026-01-07T18:01:16.0475349Z ##[endgroup]
build	ğŸš€ Build APK (Local)	ï»¿2026-01-07T18:01:16.0577890Z ##[group]Run npx expo prebuild --platform android --clean
build	ğŸš€ Build APK (Local)	2026-01-07T18:01:16.0578429Z [36;1mnpx expo prebuild --platform android --clean[0m
build	ğŸš€ Build APK (Local)	2026-01-07T18:01:16.0579117Z [36;1mnode scripts/fix-manifest.js[0m
build	ğŸš€ Build APK (Local)	2026-01-07T18:01:16.0579475Z [36;1mnode scripts/fix-kotlin-version.js[0m
build	ğŸš€ Build APK (Local)	2026-01-07T18:01:16.0580084Z [36;1mEAS_SKIP_AUTO_FINGERPRINT=1 eas build --platform android --profile development --local --non-interactive[0m
build	ğŸš€ Build APK (Local)	2026-01-07T18:01:16.0615345Z shell: /usr/bin/bash -e ***0***
build	ğŸš€ Build APK (Local)	2026-01-07T18:01:16.0615668Z env:
build	ğŸš€ Build APK (Local)	2026-01-07T18:01:16.0615974Z   PNPM_HOME: /home/runner/setup-pnpm/node_modules/.bin
build	ğŸš€ Build APK (Local)	2026-01-07T18:01:16.0616462Z   JAVA_HOME: /opt/hostedtoolcache/Java_Temurin-Hotspot_jdk/17.0.17-10/x64
build	ğŸš€ Build APK (Local)	2026-01-07T18:01:16.0617013Z   JAVA_HOME_17_X64: /opt/hostedtoolcache/Java_Temurin-Hotspot_jdk/17.0.17-10/x64
build	ğŸš€ Build APK (Local)	2026-01-07T18:01:16.0617517Z   EXPO_TOKEN: ***
build	ğŸš€ Build APK (Local)	2026-01-07T18:01:16.0617773Z ##[endgroup]
build	ğŸš€ Build APK (Local)	2026-01-07T18:01:16.7468487Z ! Git branch has uncommited file changes
build	ğŸš€ Build APK (Local)	2026-01-07T18:01:16.7471087Z â€º It's recommended to commit all changes before proceeding in case you want to revert generated changes.
build	ğŸš€ Build APK (Local)	2026-01-07T18:01:16.7472479Z Git status is dirty but the command will continue because the terminal is not interactive.
build	ğŸš€ Build APK (Local)	2026-01-07T18:01:16.7605323Z - Clearing android
build	ğŸš€ Build APK (Local)	2026-01-07T18:01:16.7666920Z âœ” Cleared android code
build	ğŸš€ Build APK (Local)	2026-01-07T18:01:17.0999708Z - Creating native directory (./android)
build	ğŸš€ Build APK (Local)	2026-01-07T18:01:17.7892705Z âœ” Created native directory
build	ğŸš€ Build APK (Local)	2026-01-07T18:01:17.7897446Z - Updating package.json
build	ğŸš€ Build APK (Local)	2026-01-07T18:01:17.7923647Z âœ” Updated package.json | no changes
build	ğŸš€ Build APK (Local)	2026-01-07T18:01:17.7924420Z - Running prebuild
build	ğŸš€ Build APK (Local)	2026-01-07T18:01:20.1858383Z âœ… Permission AD_ID forcÃ©e avec tools:node="replace"
build	ğŸš€ Build APK (Local)	2026-01-07T18:01:20.1859470Z - Running prebuild
build	ğŸš€ Build APK (Local)	2026-01-07T18:01:20.2015195Z âœ” Finished prebuild
build	ğŸš€ Build APK (Local)	2026-01-07T18:01:20.2572789Z âœ… Manifeste Android corrigÃ© avec succÃ¨s!
build	ğŸš€ Build APK (Local)	2026-01-07T18:01:20.2581572Z   - Namespace tools ajoutÃ©
build	ğŸš€ Build APK (Local)	2026-01-07T18:01:20.2582427Z   - Permission AD_ID ajoutÃ©e
build	ğŸš€ Build APK (Local)	2026-01-07T18:01:20.2583303Z   - Permission ACCESS_ADSERVICES_AD_ID ajoutÃ©e
build	ğŸš€ Build APK (Local)	2026-01-07T18:01:20.2584684Z âœ… splashscreen_logo.png â†’ drawable/splashscreen_logo.png
build	ğŸš€ Build APK (Local)	2026-01-07T18:01:20.2586099Z âœ… splash-icon.png â†’ drawable/splash_icon.png
build	ğŸš€ Build APK (Local)	2026-01-07T18:01:20.2588760Z âœ… logo3.png â†’ drawable/logo3.png
build	ğŸš€ Build APK (Local)	2026-01-07T18:01:20.2592177Z âœ… icon.png â†’ drawable/icon.png
build	ğŸš€ Build APK (Local)	2026-01-07T18:01:20.2594760Z âœ… Assets splash copiÃ©s vers drawable/
build	ğŸš€ Build APK (Local)	2026-01-07T18:01:20.2884053Z âœ… kotlinVersion mis Ã  jour vers 1.9.25
build	ğŸš€ Build APK (Local)	2026-01-07T18:01:20.2893030Z âœ… gradle.properties corrigÃ© avec succÃ¨s!
build	ğŸš€ Build APK (Local)	2026-01-07T18:01:23.5969418Z Resolved "development" environment for the build. Learn more: https://docs.expo.dev/eas/environment-variables/#setting-the-environment-for-your-builds
build	ğŸš€ Build APK (Local)	2026-01-07T18:01:23.6932928Z No environment variables with visibility "Plain text" and "Sensitive" found for the "development" environment on EAS.
build	ğŸš€ Build APK (Local)	2026-01-07T18:01:23.6934789Z Environment variables loaded from the "development" build profile "env" configuration: EXPO_PUBLIC_APP_VARIANT.
build	ğŸš€ Build APK (Local)	2026-01-07T18:01:23.6935675Z 
build	ğŸš€ Build APK (Local)	2026-01-07T18:01:32.0615583Z Specified value for "android.package" in app.config.js is ignored because an android directory was detected in the project.
build	ğŸš€ Build APK (Local)	2026-01-07T18:01:32.0616719Z EAS Build will use the value found in the native code.
build	ğŸš€ Build APK (Local)	2026-01-07T18:01:32.0634853Z You need to be on SDK 46 or higher, and use expo-updates >= 0.14.4 to use appVersion runtime policy.
build	ğŸš€ Build APK (Local)	2026-01-07T18:01:32.0776207Z âœ” Using remote Android credentials (Expo server)
build	ğŸš€ Build APK (Local)	2026-01-07T18:01:32.5981425Z âœ” Using Keystore from configuration: Build Credentials dU0_MiLJ3z (default)
build	ğŸš€ Build APK (Local)	2026-01-07T18:01:33.6119410Z - Compressing project files
build	ğŸš€ Build APK (Local)	2026-01-07T18:01:34.9425537Z Skipping project fingerprint
build	ğŸš€ Build APK (Local)	2026-01-07T18:01:48.5884633Z npm warn deprecated inflight@1.0.6: This module is not supported, and leaks memory. Do not use it. Check out lru-cache if you want a good and tested way to coalesce async requests by a key value, which is much more comprehensive and powerful.
build	ğŸš€ Build APK (Local)	2026-01-07T18:01:49.0719652Z npm warn deprecated rimraf@2.4.5: Rimraf versions prior to v4 are no longer supported
build	ğŸš€ Build APK (Local)	2026-01-07T18:01:49.5364312Z npm warn deprecated lodash.get@4.4.2: This package is deprecated. Use the optional chaining (?.) operator instead.
build	ğŸš€ Build APK (Local)	2026-01-07T18:01:49.6039328Z npm warn deprecated sudo-prompt@9.1.1: Package no longer supported. Contact Support at https://www.npmjs.com/support for more info.
build	ğŸš€ Build APK (Local)	2026-01-07T18:01:49.7775791Z npm warn deprecated @xmldom/xmldom@0.7.13: this version is no longer supported, please update to at least 0.8.*
build	ğŸš€ Build APK (Local)	2026-01-07T18:01:49.9653974Z npm warn deprecated glob@6.0.4: Glob versions prior to v9 are no longer supported
build	ğŸš€ Build APK (Local)	2026-01-07T18:01:51.8153778Z [SETUP_WORKINGDIR] Preparing workingdir /tmp/runner/eas-build-local-nodejs/b808225a-d246-4d65-b23c-27efc1e3c001
build	ğŸš€ Build APK (Local)	2026-01-07T18:01:51.8201837Z [START_BUILD] Starting build
build	ğŸš€ Build APK (Local)	2026-01-07T18:01:51.8204981Z   "job": ***
build	ğŸš€ Build APK (Local)	2026-01-07T18:01:51.8205551Z     "type": "generic",
build	ğŸš€ Build APK (Local)	2026-01-07T18:01:51.8206147Z     "platform": "android",
build	ğŸš€ Build APK (Local)	2026-01-07T18:01:51.8206840Z     "projectRootDirectory": ".",
build	ğŸš€ Build APK (Local)	2026-01-07T18:01:51.8207506Z     "projectArchive": ***
build	ğŸš€ Build APK (Local)	2026-01-07T18:01:51.8208150Z       "type": "PATH",
build	ğŸš€ Build APK (Local)	2026-01-07T18:01:51.8209318Z       "path": "/tmp/runner/eas-cli-nodejs/cdb063fa-ab39-4200-87d6-8b01b425c052.tar.gz"
build	ğŸš€ Build APK (Local)	2026-01-07T18:01:51.8209952Z     ***,
build	ğŸš€ Build APK (Local)	2026-01-07T18:01:51.8210270Z     "builderEnvironment": ***
build	ğŸš€ Build APK (Local)	2026-01-07T18:01:51.8210639Z       "env": ***
build	ğŸš€ Build APK (Local)	2026-01-07T18:01:51.8211025Z         "EXPO_PUBLIC_APP_VARIANT": "development"
build	ğŸš€ Build APK (Local)	2026-01-07T18:01:51.8211450Z       ***
build	ğŸš€ Build APK (Local)	2026-01-07T18:01:51.8212057Z     ***,
build	ğŸš€ Build APK (Local)	2026-01-07T18:01:51.8212346Z     "cache": ***
build	ğŸš€ Build APK (Local)	2026-01-07T18:01:51.8212654Z       "disabled": false,
build	ğŸš€ Build APK (Local)	2026-01-07T18:01:51.8212991Z       "paths": [],
build	ğŸš€ Build APK (Local)	2026-01-07T18:01:51.8213309Z       "clear": false
build	ğŸš€ Build APK (Local)	2026-01-07T18:01:51.8213617Z     ***,
build	ğŸš€ Build APK (Local)	2026-01-07T18:01:51.8213921Z     "updates": ***,
build	ğŸš€ Build APK (Local)	2026-01-07T18:01:51.8214366Z     "developmentClient": true,
build	ğŸš€ Build APK (Local)	2026-01-07T18:01:51.8214891Z     "gradleCommand": ":app:assembleDebug",
build	ğŸš€ Build APK (Local)	2026-01-07T18:01:51.8215300Z     "buildType": "apk",
build	ğŸš€ Build APK (Local)	2026-01-07T18:01:51.8215665Z     "username": "pierretulle",
build	ğŸš€ Build APK (Local)	2026-01-07T18:01:51.8216043Z     "experimental": ***,
build	ğŸš€ Build APK (Local)	2026-01-07T18:01:51.8216372Z     "mode": "build",
build	ğŸš€ Build APK (Local)	2026-01-07T18:01:51.8216710Z     "triggeredBy": "EAS_CLI",
build	ğŸš€ Build APK (Local)	2026-01-07T18:01:51.8217153Z     "appId": "3cbda57c-1ec1-4949-af06-9e933dbc0050",
build	ğŸš€ Build APK (Local)	2026-01-07T18:01:51.8217708Z     "initiatingUserId": "e2f1211b-28af-49f3-b0e0-07d6de13d75a"
build	ğŸš€ Build APK (Local)	2026-01-07T18:01:51.8218163Z   ***
build	ğŸš€ Build APK (Local)	2026-01-07T18:01:51.8238265Z Local build, skipping project archive refresh
build	ğŸš€ Build APK (Local)	2026-01-07T18:01:51.8917429Z [PREPARE_PROJECT] tar: Ignoring unknown extended header keyword 'SCHILY.dev'
build	ğŸš€ Build APK (Local)	2026-01-07T18:01:51.8919287Z [PREPARE_PROJECT] tar: Ignoring unknown extended header keyword 'SCHILY.ino'
build	ğŸš€ Build APK (Local)	2026-01-07T18:01:51.8921975Z [PREPARE_PROJECT] tar: Ignoring unknown extended header keyword 'SCHILY.nlink'
build	ğŸš€ Build APK (Local)	2026-01-07T18:01:52.1851898Z [READ_PACKAGE_JSON] Using package.json:
build	ğŸš€ Build APK (Local)	2026-01-07T18:01:52.1855066Z [READ_PACKAGE_JSON] ***
build	ğŸš€ Build APK (Local)	2026-01-07T18:01:52.1855590Z   "name": "timalaus",
build	ğŸš€ Build APK (Local)	2026-01-07T18:01:52.1856109Z   "main": "expo-router/entry",
build	ğŸš€ Build APK (Local)	2026-01-07T18:01:52.1856635Z   "version": "1.6.5",
build	ğŸš€ Build APK (Local)	2026-01-07T18:01:52.1858090Z   "_comment": "ğŸ“š Documentation importante : Avant de modifier l'audio, lisez /docs/AUDIO_MIGRATION_GUIDE.md",
build	ğŸš€ Build APK (Local)	2026-01-07T18:01:52.1859546Z   "scripts": ***
build	ğŸš€ Build APK (Local)	2026-01-07T18:01:52.1859913Z     "start": "expo start",
build	ğŸš€ Build APK (Local)	2026-01-07T18:01:52.1860333Z     "prebuild:check": "node scripts/prebuild-checker.js",
build	ğŸš€ Build APK (Local)	2026-01-07T18:01:52.1860827Z     "reset-project": "node ./scripts/reset-project.js",
build	ğŸš€ Build APK (Local)	2026-01-07T18:01:52.1861273Z     "android": "expo run:android",
build	ğŸš€ Build APK (Local)	2026-01-07T18:01:52.1861603Z     "ios": "expo run:ios",
build	ğŸš€ Build APK (Local)	2026-01-07T18:01:52.1861928Z     "web": "expo start --web",
build	ğŸš€ Build APK (Local)	2026-01-07T18:01:52.1862266Z     "test": "jest --watchAll",
build	ğŸš€ Build APK (Local)	2026-01-07T18:01:52.1862578Z     "lint": "expo lint",
build	ğŸš€ Build APK (Local)	2026-01-07T18:01:52.1862910Z     "postinstall": "patch-package",
build	ğŸš€ Build APK (Local)	2026-01-07T18:01:52.1863343Z     "android:fix-manifest": "node scripts/fix-manifest.js",
build	ğŸš€ Build APK (Local)	2026-01-07T18:01:52.1863859Z     "android:fix-kotlin": "node scripts/fix-kotlin-version.js",
build	ğŸš€ Build APK (Local)	2026-01-07T18:01:52.1864396Z     "prebuild:clean": "expo prebuild --platform android --clean",
build	ğŸš€ Build APK (Local)	2026-01-07T18:01:52.1865543Z     "prebuild:android": "npx expo prebuild --platform android --clean && npm run android:fix-manifest && npm run android:fix-kotlin",
build	ğŸš€ Build APK (Local)	2026-01-07T18:01:52.1866410Z     "build:android:local": "eas build --platform android --profile production --local",
build	ğŸš€ Build APK (Local)	2026-01-07T18:01:52.1867137Z     "build:android:cloud": "eas build --platform android --profile production --clear-cache",
build	ğŸš€ Build APK (Local)	2026-01-07T18:01:52.1867958Z     "build:android:production": "npm run prebuild:android && eas build --platform android --profile production --clear-cache"
build	ğŸš€ Build APK (Local)	2026-01-07T18:01:52.1868748Z   ***,
build	ğŸš€ Build APK (Local)	2026-01-07T18:01:52.1869024Z   "jest": ***
build	ğŸš€ Build APK (Local)	2026-01-07T18:01:52.1869300Z     "preset": "jest-expo"
build	ğŸš€ Build APK (Local)	2026-01-07T18:01:52.1869582Z   ***,
build	ğŸš€ Build APK (Local)	2026-01-07T18:01:52.1869830Z   "dependencies": ***
build	ğŸš€ Build APK (Local)	2026-01-07T18:01:52.1870140Z     "@anthropic-ai/sdk": "^0.54.0",
build	ğŸš€ Build APK (Local)	2026-01-07T18:01:52.1870476Z     "@babel/runtime": "^7.28.4",
build	ğŸš€ Build APK (Local)	2026-01-07T18:01:52.1870838Z     "@expo-google-fonts/montserrat": "^0.2.3",
build	ğŸš€ Build APK (Local)	2026-01-07T18:01:52.1871414Z     "@expo/config-plugins": "^54.0.2",
build	ğŸš€ Build APK (Local)	2026-01-07T18:01:52.1871905Z     "@expo/vector-icons": "~14.0.4",
build	ğŸš€ Build APK (Local)	2026-01-07T18:01:52.1872256Z     "@google/generative-ai": "^0.24.1",
build	ğŸš€ Build APK (Local)	2026-01-07T18:01:52.1872666Z     "@react-native-async-storage/async-storage": "1.23.1",
build	ğŸš€ Build APK (Local)	2026-01-07T18:01:52.1873115Z     "@react-native-clipboard/clipboard": "^1.16.3",
build	ğŸš€ Build APK (Local)	2026-01-07T18:01:52.1873520Z     "@react-native-community/cli": "latest",
build	ğŸš€ Build APK (Local)	2026-01-07T18:01:52.1874150Z     "@react-native-firebase/analytics": "^23.5.0",
build	ğŸš€ Build APK (Local)	2026-01-07T18:01:52.1874548Z     "@react-native-firebase/app": "^23.5.0",
build	ğŸš€ Build APK (Local)	2026-01-07T18:01:52.1874928Z     "@react-navigation/bottom-tabs": "^7.2.0",
build	ğŸš€ Build APK (Local)	2026-01-07T18:01:52.1875300Z     "@react-navigation/native": "^7.0.14",
build	ğŸš€ Build APK (Local)	2026-01-07T18:01:52.1875663Z     "@supabase/supabase-js": "^2.50.0",
build	ğŸš€ Build APK (Local)	2026-01-07T18:01:52.1875992Z     "csv-parse": "^5.6.0",
build	ğŸš€ Build APK (Local)	2026-01-07T18:01:52.1876297Z     "csv-parser": "^3.2.0",
build	ğŸš€ Build APK (Local)	2026-01-07T18:01:52.1876582Z     "dotenv": "^16.5.0",
build	ğŸš€ Build APK (Local)	2026-01-07T18:01:52.1876876Z     "expo": "~52.0.47",
build	ğŸš€ Build APK (Local)	2026-01-07T18:01:52.1877192Z     "expo-application": "~6.0.2",
build	ğŸš€ Build APK (Local)	2026-01-07T18:01:52.1877504Z     "expo-asset": "~11.0.5",
build	ğŸš€ Build APK (Local)	2026-01-07T18:01:52.1877827Z     "expo-auth-session": "~6.0.3",
build	ğŸš€ Build APK (Local)	2026-01-07T18:01:52.1878176Z     "expo-blur": "~14.0.3",
build	ğŸš€ Build APK (Local)	2026-01-07T18:01:52.1878500Z     "expo-build-properties": "~0.13.3",
build	ğŸš€ Build APK (Local)	2026-01-07T18:01:52.1879464Z     "expo-constants": "~17.0.5",
build	ğŸš€ Build APK (Local)	2026-01-07T18:01:52.1879802Z     "expo-crypto": "~14.0.2",
build	ğŸš€ Build APK (Local)	2026-01-07T18:01:52.1880141Z     "expo-dev-client": "~5.0.11",
build	ğŸš€ Build APK (Local)	2026-01-07T18:01:52.1880445Z     "expo-env": "^1.1.1",
build	ğŸš€ Build APK (Local)	2026-01-07T18:01:52.1880754Z     "expo-file-system": "~18.0.12",
build	ğŸš€ Build APK (Local)	2026-01-07T18:01:52.1881078Z     "expo-font": "~13.0.3",
build	ğŸš€ Build APK (Local)	2026-01-07T18:01:52.1881387Z     "expo-haptics": "~14.0.1",
build	ğŸš€ Build APK (Local)	2026-01-07T18:01:52.1881681Z     "expo-image": "~2.0.7",
build	ğŸš€ Build APK (Local)	2026-01-07T18:01:52.1882007Z     "expo-linear-gradient": "~14.0.2",
build	ğŸš€ Build APK (Local)	2026-01-07T18:01:52.1882328Z     "expo-linking": "~7.0.5",
build	ğŸš€ Build APK (Local)	2026-01-07T18:01:52.1882648Z     "expo-navigation-bar": "~4.0.9",
build	ğŸš€ Build APK (Local)	2026-01-07T18:01:52.1882968Z     "expo-router": "~4.0.21",
build	ğŸš€ Build APK (Local)	2026-01-07T18:01:52.1883309Z     "expo-status-bar": "~2.0.1",
build	ğŸš€ Build APK (Local)	2026-01-07T18:01:52.1883616Z     "expo-symbols": "~0.2.1",
build	ğŸš€ Build APK (Local)	2026-01-07T18:01:52.1883930Z     "expo-system-ui": "~4.0.9",
build	ğŸš€ Build APK (Local)	2026-01-07T18:01:52.1884256Z     "expo-web-browser": "~14.0.2",
build	ğŸš€ Build APK (Local)	2026-01-07T18:01:52.1884599Z     "google-auth-library": "^10.5.0",
build	ğŸš€ Build APK (Local)	2026-01-07T18:01:52.1884922Z     "googleapis": "^166.0.0",
build	ğŸš€ Build APK (Local)	2026-01-07T18:01:52.1885228Z     "node-fetch": "^3.3.2",
build	ğŸš€ Build APK (Local)	2026-01-07T18:01:52.1885528Z     "openai": "^5.5.1",
build	ğŸš€ Build APK (Local)	2026-01-07T18:01:52.1885808Z     "papaparse": "^5.5.3",
build	ğŸš€ Build APK (Local)	2026-01-07T18:01:52.1886093Z     "react": "18.3.1",
build	ğŸš€ Build APK (Local)	2026-01-07T18:01:52.1886364Z     "react-dom": "18.3.1",
build	ğŸš€ Build APK (Local)	2026-01-07T18:01:52.1886643Z     "react-native": "0.76.9",
build	ğŸš€ Build APK (Local)	2026-01-07T18:01:52.1886958Z     "react-native-fs": "^2.20.0",
build	ğŸš€ Build APK (Local)	2026-01-07T18:01:52.1887322Z     "react-native-gesture-handler": "~2.20.2",
build	ğŸš€ Build APK (Local)	2026-01-07T18:01:52.1887744Z     "react-native-google-mobile-ads": "^14.11.0",
build	ğŸš€ Build APK (Local)	2026-01-07T18:01:52.1888141Z     "react-native-reanimated": "~3.16.1",
build	ğŸš€ Build APK (Local)	2026-01-07T18:01:52.1889020Z     "react-native-safe-area-context": "4.12.0",
build	ğŸš€ Build APK (Local)	2026-01-07T18:01:52.1889424Z     "react-native-screens": "~4.4.0",
build	ğŸš€ Build APK (Local)	2026-01-07T18:01:52.1889784Z     "react-native-share": "^12.2.1",
build	ğŸš€ Build APK (Local)	2026-01-07T18:01:52.1890163Z     "react-native-url-polyfill": "^2.0.0",
build	ğŸš€ Build APK (Local)	2026-01-07T18:01:52.1890537Z     "react-native-view-shot": "^4.0.3",
build	ğŸš€ Build APK (Local)	2026-01-07T18:01:52.1890895Z     "react-native-web": "~0.19.13",
build	ğŸš€ Build APK (Local)	2026-01-07T18:01:52.1891249Z     "react-native-webview": "13.12.5",
build	ğŸš€ Build APK (Local)	2026-01-07T18:01:52.1891573Z     "replicate": "^1.0.1",
build	ğŸš€ Build APK (Local)	2026-01-07T18:01:52.1891889Z     "twitter-api-v2": "^1.28.0",
build	ğŸš€ Build APK (Local)	2026-01-07T18:01:52.1892187Z     "uuid": "^11.1.0"
build	ğŸš€ Build APK (Local)	2026-01-07T18:01:52.1892477Z   ***,
build	ğŸš€ Build APK (Local)	2026-01-07T18:01:52.1892740Z   "devDependencies": ***
build	ğŸš€ Build APK (Local)	2026-01-07T18:01:52.1893035Z     "@babel/core": "^7.25.2",
build	ğŸš€ Build APK (Local)	2026-01-07T18:01:52.1893328Z     "@types/cors": "^2.8.19",
build	ğŸš€ Build APK (Local)	2026-01-07T18:01:52.1893642Z     "@types/express": "^5.0.5",
build	ğŸš€ Build APK (Local)	2026-01-07T18:01:52.1893962Z     "@types/jest": "^29.5.12",
build	ğŸš€ Build APK (Local)	2026-01-07T18:01:52.1894273Z     "@types/react": "~18.3.12",
build	ğŸš€ Build APK (Local)	2026-01-07T18:01:52.1894626Z     "@types/react-test-renderer": "^18.3.0",
build	ğŸš€ Build APK (Local)	2026-01-07T18:01:52.1894964Z     "axios": "^1.13.2",
build	ğŸš€ Build APK (Local)	2026-01-07T18:01:52.1895297Z     "babel-plugin-module-resolver": "^5.0.2",
build	ğŸš€ Build APK (Local)	2026-01-07T18:01:52.1895730Z     "babel-plugin-transform-remove-console": "^6.9.4",
build	ğŸš€ Build APK (Local)	2026-01-07T18:01:52.1896153Z     "babel-preset-expo": "^54.0.7",
build	ğŸš€ Build APK (Local)	2026-01-07T18:01:52.1896705Z     "cors": "^2.8.5",
build	ğŸš€ Build APK (Local)	2026-01-07T18:01:52.1897431Z     "csv-writer": "^1.6.0",
build	ğŸš€ Build APK (Local)	2026-01-07T18:01:52.1897930Z     "express": "^5.1.0",
build	ğŸš€ Build APK (Local)	2026-01-07T18:01:52.1898407Z     "firebase-admin": "^13.6.0",
build	ğŸš€ Build APK (Local)	2026-01-07T18:01:52.1898879Z     "jest": "^29.2.1",
build	ğŸš€ Build APK (Local)	2026-01-07T18:01:52.1899154Z     "jest-expo": "~52.0.3",
build	ğŸš€ Build APK (Local)	2026-01-07T18:01:52.1899474Z     "patch-package": "^8.0.0",
build	ğŸš€ Build APK (Local)	2026-01-07T18:01:52.1899805Z     "react-test-renderer": "18.3.1",
build	ğŸš€ Build APK (Local)	2026-01-07T18:01:52.1900298Z     "sharp": "^0.33.5",
build	ğŸš€ Build APK (Local)	2026-01-07T18:01:52.1900754Z     "tsx": "^4.20.6",
build	ğŸš€ Build APK (Local)	2026-01-07T18:01:52.1901228Z     "typescript": "^5.3.3"
build	ğŸš€ Build APK (Local)	2026-01-07T18:01:52.1901701Z   ***,
build	ğŸš€ Build APK (Local)	2026-01-07T18:01:52.1902116Z   "overrides": ***
build	ğŸš€ Build APK (Local)	2026-01-07T18:01:52.1902596Z     "expo-ads-admob": ***
build	ğŸš€ Build APK (Local)	2026-01-07T18:01:52.1903161Z       "@expo/config-plugins": "9.0.14"
build	ğŸš€ Build APK (Local)	2026-01-07T18:01:52.1903723Z     ***
build	ğŸš€ Build APK (Local)	2026-01-07T18:01:52.1903966Z   ***,
build	ğŸš€ Build APK (Local)	2026-01-07T18:01:52.1904201Z   "private": true
build	ğŸš€ Build APK (Local)	2026-01-07T18:01:52.1904457Z ***
build	ğŸš€ Build APK (Local)	2026-01-07T18:01:52.1905271Z [INSTALL_DEPENDENCIES] Running "pnpm install --no-frozen-lockfile" in /tmp/runner/eas-build-local-nodejs/b808225a-d246-4d65-b23c-27efc1e3c001/build directory
build	ğŸš€ Build APK (Local)	2026-01-07T18:01:52.6617874Z [INSTALL_DEPENDENCIES] Lockfile is up to date, resolution step is skipped
build	ğŸš€ Build APK (Local)	2026-01-07T18:01:52.7884769Z [INSTALL_DEPENDENCIES] Progress: resolved 1, reused 0, downloaded 0, added 0
build	ğŸš€ Build APK (Local)	2026-01-07T18:01:53.0042272Z [INSTALL_DEPENDENCIES] Packages: +1382
build	ğŸš€ Build APK (Local)	2026-01-07T18:01:53.0044228Z [INSTALL_DEPENDENCIES] ++++++++++++++++++++++++++++++++++++++++++++++++++++++++++++++++++++++++++++++++
build	ğŸš€ Build APK (Local)	2026-01-07T18:01:53.7916817Z [INSTALL_DEPENDENCIES] Progress: resolved 1382, reused 1382, downloaded 0, added 71
build	ğŸš€ Build APK (Local)	2026-01-07T18:01:54.7921943Z [INSTALL_DEPENDENCIES] Progress: resolved 1382, reused 1382, downloaded 0, added 1065
build	ğŸš€ Build APK (Local)	2026-01-07T18:01:55.0094150Z [INSTALL_DEPENDENCIES] Progress: resolved 1382, reused 1382, downloaded 0, added 1382, done
build	ğŸš€ Build APK (Local)	2026-01-07T18:01:55.5661843Z [INSTALL_DEPENDENCIES] .../esbuild@0.27.2/node_modules/esbuild postinstall$ node install.js
build	ğŸš€ Build APK (Local)	2026-01-07T18:01:55.6085688Z [INSTALL_DEPENDENCIES] .../esbuild@0.27.2/node_modules/esbuild postinstall: Done
build	ğŸš€ Build APK (Local)	2026-01-07T18:01:55.6576170Z [INSTALL_DEPENDENCIES] .../sharp@0.33.5/node_modules/sharp install$ node install/check
build	ğŸš€ Build APK (Local)	2026-01-07T18:01:55.7125056Z [INSTALL_DEPENDENCIES] .../sharp@0.33.5/node_modules/sharp install: Done
build	ğŸš€ Build APK (Local)	2026-01-07T18:01:55.8708860Z [INSTALL_DEPENDENCIES] dependencies:
build	ğŸš€ Build APK (Local)	2026-01-07T18:01:55.8709799Z [INSTALL_DEPENDENCIES] + @anthropic-ai/sdk 0.54.0
build	ğŸš€ Build APK (Local)	2026-01-07T18:01:55.8710651Z [INSTALL_DEPENDENCIES] + @babel/runtime 7.28.4
build	ğŸš€ Build APK (Local)	2026-01-07T18:01:55.8711577Z [INSTALL_DEPENDENCIES] + @expo-google-fonts/montserrat 0.2.3
build	ğŸš€ Build APK (Local)	2026-01-07T18:01:55.8712483Z [INSTALL_DEPENDENCIES] + @expo/config-plugins 54.0.4
build	ğŸš€ Build APK (Local)	2026-01-07T18:01:55.8713664Z [INSTALL_DEPENDENCIES] + @expo/vector-icons 14.0.4
build	ğŸš€ Build APK (Local)	2026-01-07T18:01:55.8714558Z [INSTALL_DEPENDENCIES] + @google/generative-ai 0.24.1
build	ğŸš€ Build APK (Local)	2026-01-07T18:01:55.8715576Z [INSTALL_DEPENDENCIES] + @react-native-async-storage/async-storage 1.23.1
build	ğŸš€ Build APK (Local)	2026-01-07T18:01:55.8716679Z [INSTALL_DEPENDENCIES] + @react-native-clipboard/clipboard 1.16.3
build	ğŸš€ Build APK (Local)	2026-01-07T18:01:55.8717674Z [INSTALL_DEPENDENCIES] + @react-native-community/cli 20.1.0
build	ğŸš€ Build APK (Local)	2026-01-07T18:01:55.8718855Z [INSTALL_DEPENDENCIES] + @react-native-firebase/analytics 23.7.0
build	ğŸš€ Build APK (Local)	2026-01-07T18:01:55.8719843Z [INSTALL_DEPENDENCIES] + @react-native-firebase/app 23.7.0
build	ğŸš€ Build APK (Local)	2026-01-07T18:01:55.8720768Z [INSTALL_DEPENDENCIES] + @react-navigation/bottom-tabs 7.9.0
build	ğŸš€ Build APK (Local)	2026-01-07T18:01:55.8721677Z [INSTALL_DEPENDENCIES] + @react-navigation/native 7.1.26
build	ğŸš€ Build APK (Local)	2026-01-07T18:01:55.8722542Z [INSTALL_DEPENDENCIES] + @supabase/supabase-js 2.90.0
build	ğŸš€ Build APK (Local)	2026-01-07T18:01:55.8723340Z [INSTALL_DEPENDENCIES] + csv-parse 5.6.0
build	ğŸš€ Build APK (Local)	2026-01-07T18:01:55.8724108Z [INSTALL_DEPENDENCIES] + csv-parser 3.2.0
build	ğŸš€ Build APK (Local)	2026-01-07T18:01:55.8724815Z [INSTALL_DEPENDENCIES] + dotenv 16.6.1
build	ğŸš€ Build APK (Local)	2026-01-07T18:01:55.8725465Z [INSTALL_DEPENDENCIES] + expo 52.0.48
build	ğŸš€ Build APK (Local)	2026-01-07T18:01:55.8726226Z [INSTALL_DEPENDENCIES] + expo-application 6.0.2
build	ğŸš€ Build APK (Local)	2026-01-07T18:01:55.8726992Z [INSTALL_DEPENDENCIES] + expo-asset 11.0.5
build	ğŸš€ Build APK (Local)	2026-01-07T18:01:55.8727762Z [INSTALL_DEPENDENCIES] + expo-auth-session 6.0.3
build	ğŸš€ Build APK (Local)	2026-01-07T18:01:55.8729007Z [INSTALL_DEPENDENCIES] + expo-blur 14.0.3
build	ğŸš€ Build APK (Local)	2026-01-07T18:01:55.8729786Z [INSTALL_DEPENDENCIES] + expo-build-properties 0.13.3
build	ğŸš€ Build APK (Local)	2026-01-07T18:01:55.8730567Z [INSTALL_DEPENDENCIES] + expo-constants 17.0.8
build	ğŸš€ Build APK (Local)	2026-01-07T18:01:55.8731276Z [INSTALL_DEPENDENCIES] + expo-crypto 14.0.2
build	ğŸš€ Build APK (Local)	2026-01-07T18:01:55.8731990Z [INSTALL_DEPENDENCIES] + expo-dev-client 5.0.20
build	ğŸš€ Build APK (Local)	2026-01-07T18:01:55.8732684Z [INSTALL_DEPENDENCIES] + expo-env 1.1.1
build	ğŸš€ Build APK (Local)	2026-01-07T18:01:55.8733478Z [INSTALL_DEPENDENCIES] + expo-file-system 18.0.12
build	ğŸš€ Build APK (Local)	2026-01-07T18:01:55.8734265Z [INSTALL_DEPENDENCIES] + expo-font 13.0.4
build	ğŸš€ Build APK (Local)	2026-01-07T18:01:55.8735035Z [INSTALL_DEPENDENCIES] + expo-haptics 14.0.1
build	ğŸš€ Build APK (Local)	2026-01-07T18:01:55.8735800Z [INSTALL_DEPENDENCIES] + expo-image 2.0.7
build	ğŸš€ Build APK (Local)	2026-01-07T18:01:55.8736600Z [INSTALL_DEPENDENCIES] + expo-linear-gradient 14.0.2
build	ğŸš€ Build APK (Local)	2026-01-07T18:01:55.8737407Z [INSTALL_DEPENDENCIES] + expo-linking 7.0.5
build	ğŸš€ Build APK (Local)	2026-01-07T18:01:55.8738198Z [INSTALL_DEPENDENCIES] + expo-navigation-bar 4.0.9
build	ğŸš€ Build APK (Local)	2026-01-07T18:01:55.8739153Z [INSTALL_DEPENDENCIES] + expo-router 4.0.22
build	ğŸš€ Build APK (Local)	2026-01-07T18:01:55.8739944Z [INSTALL_DEPENDENCIES] + expo-status-bar 2.0.1
build	ğŸš€ Build APK (Local)	2026-01-07T18:01:55.8740731Z [INSTALL_DEPENDENCIES] + expo-symbols 0.2.2
build	ğŸš€ Build APK (Local)	2026-01-07T18:01:55.8741485Z [INSTALL_DEPENDENCIES] + expo-system-ui 4.0.9
build	ğŸš€ Build APK (Local)	2026-01-07T18:01:55.8742275Z [INSTALL_DEPENDENCIES] + expo-web-browser 14.0.2
build	ğŸš€ Build APK (Local)	2026-01-07T18:01:55.8743104Z [INSTALL_DEPENDENCIES] + google-auth-library 10.5.0
build	ğŸš€ Build APK (Local)	2026-01-07T18:01:55.8743886Z [INSTALL_DEPENDENCIES] + googleapis 166.0.0
build	ğŸš€ Build APK (Local)	2026-01-07T18:01:55.8744633Z [INSTALL_DEPENDENCIES] + node-fetch 3.3.2
build	ğŸš€ Build APK (Local)	2026-01-07T18:01:55.8745363Z [INSTALL_DEPENDENCIES] + openai 5.23.2
build	ğŸš€ Build APK (Local)	2026-01-07T18:01:55.8746071Z [INSTALL_DEPENDENCIES] + papaparse 5.5.3
build	ğŸš€ Build APK (Local)	2026-01-07T18:01:55.8746484Z [INSTALL_DEPENDENCIES] + react 18.3.1
build	ğŸš€ Build APK (Local)	2026-01-07T18:01:55.8747178Z [INSTALL_DEPENDENCIES] + react-dom 18.3.1
build	ğŸš€ Build APK (Local)	2026-01-07T18:01:55.8747717Z [INSTALL_DEPENDENCIES] + react-native 0.76.9
build	ğŸš€ Build APK (Local)	2026-01-07T18:01:55.8748478Z [INSTALL_DEPENDENCIES] + react-native-fs 2.20.0
build	ğŸš€ Build APK (Local)	2026-01-07T18:01:55.8749537Z [INSTALL_DEPENDENCIES] + react-native-gesture-handler 2.20.2
build	ğŸš€ Build APK (Local)	2026-01-07T18:01:55.8750445Z [INSTALL_DEPENDENCIES] + react-native-google-mobile-ads 14.11.0
build	ğŸš€ Build APK (Local)	2026-01-07T18:01:55.8751425Z [INSTALL_DEPENDENCIES] + react-native-reanimated 3.16.7
build	ğŸš€ Build APK (Local)	2026-01-07T18:01:55.8752309Z [INSTALL_DEPENDENCIES] + react-native-safe-area-context 4.12.0
build	ğŸš€ Build APK (Local)	2026-01-07T18:01:55.8753034Z [INSTALL_DEPENDENCIES] + react-native-screens 4.4.0
build	ğŸš€ Build APK (Local)	2026-01-07T18:01:55.8753935Z [INSTALL_DEPENDENCIES] + react-native-share 12.2.2
build	ğŸš€ Build APK (Local)	2026-01-07T18:01:55.8754850Z [INSTALL_DEPENDENCIES] + react-native-url-polyfill 2.0.0
build	ğŸš€ Build APK (Local)	2026-01-07T18:01:55.8755742Z [INSTALL_DEPENDENCIES] + react-native-view-shot 4.0.3
build	ğŸš€ Build APK (Local)	2026-01-07T18:01:55.8757056Z [INSTALL_DEPENDENCIES] + react-native-web 0.19.13
build	ğŸš€ Build APK (Local)	2026-01-07T18:01:55.8757859Z [INSTALL_DEPENDENCIES] + react-native-webview 13.12.5
build	ğŸš€ Build APK (Local)	2026-01-07T18:01:55.8758704Z [INSTALL_DEPENDENCIES] + replicate 1.4.0
build	ğŸš€ Build APK (Local)	2026-01-07T18:01:55.8759313Z [INSTALL_DEPENDENCIES] + twitter-api-v2 1.28.0
build	ğŸš€ Build APK (Local)	2026-01-07T18:01:55.8759854Z [INSTALL_DEPENDENCIES] + uuid 11.1.0
build	ğŸš€ Build APK (Local)	2026-01-07T18:01:55.8760378Z [INSTALL_DEPENDENCIES] 
build	ğŸš€ Build APK (Local)	2026-01-07T18:01:55.8760961Z [INSTALL_DEPENDENCIES] devDependencies:
build	ğŸš€ Build APK (Local)	2026-01-07T18:01:55.8761677Z [INSTALL_DEPENDENCIES] + @babel/core 7.28.5
build	ğŸš€ Build APK (Local)	2026-01-07T18:01:55.8762421Z [INSTALL_DEPENDENCIES] + @types/cors 2.8.19
build	ğŸš€ Build APK (Local)	2026-01-07T18:01:55.8763116Z [INSTALL_DEPENDENCIES] + @types/express 5.0.6
build	ğŸš€ Build APK (Local)	2026-01-07T18:01:55.8763807Z [INSTALL_DEPENDENCIES] + @types/jest 29.5.14
build	ğŸš€ Build APK (Local)	2026-01-07T18:01:55.8764498Z [INSTALL_DEPENDENCIES] + @types/react 18.3.27
build	ğŸš€ Build APK (Local)	2026-01-07T18:01:55.8765291Z [INSTALL_DEPENDENCIES] + @types/react-test-renderer 18.3.1
build	ğŸš€ Build APK (Local)	2026-01-07T18:01:55.8766070Z [INSTALL_DEPENDENCIES] + axios 1.13.2
build	ğŸš€ Build APK (Local)	2026-01-07T18:01:55.8766849Z [INSTALL_DEPENDENCIES] + babel-plugin-module-resolver 5.0.2
build	ğŸš€ Build APK (Local)	2026-01-07T18:01:55.8767819Z [INSTALL_DEPENDENCIES] + babel-plugin-transform-remove-console 6.9.4
build	ğŸš€ Build APK (Local)	2026-01-07T18:01:55.8768857Z [INSTALL_DEPENDENCIES] + babel-preset-expo 54.0.9
build	ğŸš€ Build APK (Local)	2026-01-07T18:01:55.8769550Z [INSTALL_DEPENDENCIES] + cors 2.8.5
build	ğŸš€ Build APK (Local)	2026-01-07T18:01:55.8770184Z [INSTALL_DEPENDENCIES] + csv-writer 1.6.0
build	ğŸš€ Build APK (Local)	2026-01-07T18:01:55.8771067Z [INSTALL_DEPENDENCIES] + express 5.2.1
build	ğŸš€ Build APK (Local)	2026-01-07T18:01:55.8771767Z [INSTALL_DEPENDENCIES] + firebase-admin 13.6.0
build	ğŸš€ Build APK (Local)	2026-01-07T18:01:55.8772429Z [INSTALL_DEPENDENCIES] + jest 29.7.0
build	ğŸš€ Build APK (Local)	2026-01-07T18:01:55.8773061Z [INSTALL_DEPENDENCIES] + jest-expo 52.0.6
build	ğŸš€ Build APK (Local)	2026-01-07T18:01:55.8773752Z [INSTALL_DEPENDENCIES] + patch-package 8.0.1
build	ğŸš€ Build APK (Local)	2026-01-07T18:01:55.8774484Z [INSTALL_DEPENDENCIES] + react-test-renderer 18.3.1
build	ğŸš€ Build APK (Local)	2026-01-07T18:01:55.8775147Z [INSTALL_DEPENDENCIES] + sharp 0.33.5
build	ğŸš€ Build APK (Local)	2026-01-07T18:01:55.8775745Z [INSTALL_DEPENDENCIES] + tsx 4.21.0
build	ğŸš€ Build APK (Local)	2026-01-07T18:01:55.8776372Z [INSTALL_DEPENDENCIES] + typescript 5.9.3
build	ğŸš€ Build APK (Local)	2026-01-07T18:01:55.8972811Z [INSTALL_DEPENDENCIES] > timalaus@1.6.5 postinstall /tmp/runner/eas-build-local-nodejs/b808225a-d246-4d65-b23c-27efc1e3c001/build
build	ğŸš€ Build APK (Local)	2026-01-07T18:01:55.8973621Z [INSTALL_DEPENDENCIES] > patch-package
build	ğŸš€ Build APK (Local)	2026-01-07T18:01:56.0436255Z [INSTALL_DEPENDENCIES] patch-package 8.0.1
build	ğŸš€ Build APK (Local)	2026-01-07T18:01:56.0439988Z [INSTALL_DEPENDENCIES] Applying patches...
build	ğŸš€ Build APK (Local)	2026-01-07T18:01:56.0445442Z [INSTALL_DEPENDENCIES] No patch files found
build	ğŸš€ Build APK (Local)	2026-01-07T18:01:56.0552456Z [INSTALL_DEPENDENCIES] Done in 3.8s
build	ğŸš€ Build APK (Local)	2026-01-07T18:01:56.1025909Z The NODE_ENV environment variable is required but was not specified. Ensure the project is bundled with Expo CLI or NODE_ENV is set.
build	ğŸš€ Build APK (Local)	2026-01-07T18:01:56.1026893Z Proceeding without mode-specific .env
build	ğŸš€ Build APK (Local)	2026-01-07T18:01:56.3868220Z [READ_APP_CONFIG] Using app configuration:
build	ğŸš€ Build APK (Local)	2026-01-07T18:01:56.3869822Z [READ_APP_CONFIG] ***
build	ğŸš€ Build APK (Local)	2026-01-07T18:01:56.3870337Z   "name": "Timalaus DEV",
build	ğŸš€ Build APK (Local)	2026-01-07T18:01:56.3870821Z   "slug": "kiko",
build	ğŸš€ Build APK (Local)	2026-01-07T18:01:56.3871305Z   "version": "1.6.5",
build	ğŸš€ Build APK (Local)	2026-01-07T18:01:56.3871764Z   "sdkVersion": "52.0.0",
build	ğŸš€ Build APK (Local)	2026-01-07T18:01:56.3872251Z   "platforms": [
build	ğŸš€ Build APK (Local)	2026-01-07T18:01:56.3872528Z     "ios",
build	ğŸš€ Build APK (Local)	2026-01-07T18:01:56.3872773Z     "android",
build	ğŸš€ Build APK (Local)	2026-01-07T18:01:56.3873012Z     "web"
build	ğŸš€ Build APK (Local)	2026-01-07T18:01:56.3873239Z   ],
build	ğŸš€ Build APK (Local)	2026-01-07T18:01:56.3873488Z   "orientation": "portrait",
build	ğŸš€ Build APK (Local)	2026-01-07T18:01:56.3873846Z   "icon": "./assets/images/oklogo.png",
build	ğŸš€ Build APK (Local)	2026-01-07T18:01:56.3874189Z   "scheme": "juno2",
build	ğŸš€ Build APK (Local)	2026-01-07T18:01:56.3874498Z   "userInterfaceStyle": "automatic",
build	ğŸš€ Build APK (Local)	2026-01-07T18:01:56.3874996Z   "splash": ***
build	ğŸš€ Build APK (Local)	2026-01-07T18:01:56.3875490Z     "image": "./assets/images/splash-icon.png",
build	ğŸš€ Build APK (Local)	2026-01-07T18:01:56.3876053Z     "resizeMode": "contain",
build	ğŸš€ Build APK (Local)	2026-01-07T18:01:56.3876581Z     "backgroundColor": "#020817"
build	ğŸš€ Build APK (Local)	2026-01-07T18:01:56.3877044Z   ***,
build	ğŸš€ Build APK (Local)	2026-01-07T18:01:56.3877413Z   "assetBundlePatterns": [
build	ğŸš€ Build APK (Local)	2026-01-07T18:01:56.3877845Z     "**/*"
build	ğŸš€ Build APK (Local)	2026-01-07T18:01:56.3878280Z   ],
build	ğŸš€ Build APK (Local)	2026-01-07T18:01:56.3878802Z   "ios": ***
build	ğŸš€ Build APK (Local)	2026-01-07T18:01:56.3879564Z     "supportsTablet": true,
build	ğŸš€ Build APK (Local)	2026-01-07T18:01:56.3880196Z     "bundleIdentifier": "com.pierretulle.juno2.dev",
build	ğŸš€ Build APK (Local)	2026-01-07T18:01:56.3880804Z     "buildNumber": "5"
build	ğŸš€ Build APK (Local)	2026-01-07T18:01:56.3881246Z   ***,
build	ğŸš€ Build APK (Local)	2026-01-07T18:01:56.3881626Z   "android": ***
build	ğŸš€ Build APK (Local)	2026-01-07T18:01:56.3882042Z     "adaptiveIcon": ***
build	ğŸš€ Build APK (Local)	2026-01-07T18:01:56.3882673Z       "foregroundImage": "./assets/images/adaptive-icon.png",
build	ğŸš€ Build APK (Local)	2026-01-07T18:01:56.3883360Z       "backgroundColor": "#020817"
build	ğŸš€ Build APK (Local)	2026-01-07T18:01:56.3883853Z     ***,
build	ğŸš€ Build APK (Local)	2026-01-07T18:01:56.3884315Z     "package": "com.pierretulle.juno2.dev",
build	ğŸš€ Build APK (Local)	2026-01-07T18:01:56.3884947Z     "softwareKeyboardLayoutMode": "pan",
build	ğŸš€ Build APK (Local)	2026-01-07T18:01:56.3885497Z     "permissions": [
build	ğŸš€ Build APK (Local)	2026-01-07T18:01:56.3886009Z       "android.permission.INTERNET",
build	ğŸš€ Build APK (Local)	2026-01-07T18:01:56.3886591Z       "android.permission.VIBRATE",
build	ğŸš€ Build APK (Local)	2026-01-07T18:01:56.3887233Z       "android.permission.MODIFY_AUDIO_SETTINGS",
build	ğŸš€ Build APK (Local)	2026-01-07T18:01:56.3887939Z       "android.permission.READ_EXTERNAL_STORAGE",
build	ğŸš€ Build APK (Local)	2026-01-07T18:01:56.3888735Z       "android.permission.RECORD_AUDIO",
build	ğŸš€ Build APK (Local)	2026-01-07T18:01:56.3889446Z       "android.permission.SYSTEM_ALERT_WINDOW",
build	ğŸš€ Build APK (Local)	2026-01-07T18:01:56.3890157Z       "android.permission.WRITE_EXTERNAL_STORAGE",
build	ğŸš€ Build APK (Local)	2026-01-07T18:01:56.3890664Z       "com.google.android.gms.permission.AD_ID",
build	ğŸš€ Build APK (Local)	2026-01-07T18:01:56.3891103Z       "android.permission.ACCESS_ADSERVICES_AD_ID"
build	ğŸš€ Build APK (Local)	2026-01-07T18:01:56.3891451Z     ],
build	ğŸš€ Build APK (Local)	2026-01-07T18:01:56.3891706Z     "versionCode": 10122,
build	ğŸš€ Build APK (Local)	2026-01-07T18:01:56.3892269Z     "googleServicesFile": "./google-services.json",
build	ğŸš€ Build APK (Local)	2026-01-07T18:01:56.3892667Z     "userInterfaceStyle": "dark"
build	ğŸš€ Build APK (Local)	2026-01-07T18:01:56.3892971Z   ***,
build	ğŸš€ Build APK (Local)	2026-01-07T18:01:56.3893205Z   "web": ***
build	ğŸš€ Build APK (Local)	2026-01-07T18:01:56.3893452Z     "bundler": "metro",
build	ğŸš€ Build APK (Local)	2026-01-07T18:01:56.3893727Z     "output": "static",
build	ğŸš€ Build APK (Local)	2026-01-07T18:01:56.3894043Z     "favicon": "./assets/images/favicon.png"
build	ğŸš€ Build APK (Local)	2026-01-07T18:01:56.3894367Z   ***,
build	ğŸš€ Build APK (Local)	2026-01-07T18:01:56.3894597Z   "plugins": [
build	ğŸš€ Build APK (Local)	2026-01-07T18:01:56.3894837Z     [
build	ğŸš€ Build APK (Local)	2026-01-07T18:01:56.3895108Z       "expo-build-properties",
build	ğŸš€ Build APK (Local)	2026-01-07T18:01:56.3895447Z       ***
build	ğŸš€ Build APK (Local)	2026-01-07T18:01:56.3895870Z         "android": ***
build	ğŸš€ Build APK (Local)	2026-01-07T18:01:56.3896409Z           "kotlinVersion": "1.9.25",
build	ğŸš€ Build APK (Local)	2026-01-07T18:01:56.3897024Z           "compileSdkVersion": 35,
build	ğŸš€ Build APK (Local)	2026-01-07T18:01:56.3897618Z           "targetSdkVersion": 35,
build	ğŸš€ Build APK (Local)	2026-01-07T18:01:56.3898216Z           "buildToolsVersion": "35.0.0",
build	ğŸš€ Build APK (Local)	2026-01-07T18:01:56.3899061Z           "gradleVersion": "8.10.2",
build	ğŸš€ Build APK (Local)	2026-01-07T18:01:56.3899883Z           "ndkVersion": "27.1.12297006",
build	ğŸš€ Build APK (Local)	2026-01-07T18:01:56.3900875Z           "packagingOptions": ***
build	ğŸš€ Build APK (Local)	2026-01-07T18:01:56.3901618Z             "jniLibs": ***
build	ğŸš€ Build APK (Local)	2026-01-07T18:01:56.3914079Z               "useLegacyPackaging": false
build	ğŸš€ Build APK (Local)	2026-01-07T18:01:56.3914724Z             ***
build	ğŸš€ Build APK (Local)	2026-01-07T18:01:56.3915160Z           ***
build	ğŸš€ Build APK (Local)	2026-01-07T18:01:56.3915563Z         ***
build	ğŸš€ Build APK (Local)	2026-01-07T18:01:56.3915942Z       ***
build	ğŸš€ Build APK (Local)	2026-01-07T18:01:56.3916307Z     ],
build	ğŸš€ Build APK (Local)	2026-01-07T18:01:56.3916702Z     "expo-asset",
build	ğŸš€ Build APK (Local)	2026-01-07T18:01:56.3917131Z     "expo-router",
build	ğŸš€ Build APK (Local)	2026-01-07T18:01:56.3917555Z     "expo-navigation-bar",
build	ğŸš€ Build APK (Local)	2026-01-07T18:01:56.3918021Z     [
build	ğŸš€ Build APK (Local)	2026-01-07T18:01:56.3918411Z       "expo-system-ui",
build	ğŸš€ Build APK (Local)	2026-01-07T18:01:56.3919046Z       ***
build	ğŸš€ Build APK (Local)	2026-01-07T18:01:56.3919522Z         "androidNavigationBar": ***
build	ğŸš€ Build APK (Local)	2026-01-07T18:01:56.3920083Z           "visible": "immersive",
build	ğŸš€ Build APK (Local)	2026-01-07T18:01:56.3920634Z           "backgroundColor": "#020817"
build	ğŸš€ Build APK (Local)	2026-01-07T18:01:56.3921170Z         ***,
build	ğŸš€ Build APK (Local)	2026-01-07T18:01:56.3921597Z         "androidStatusBar": ***
build	ğŸš€ Build APK (Local)	2026-01-07T18:01:56.3922160Z           "barStyle": "light-content",
build	ğŸš€ Build APK (Local)	2026-01-07T18:01:56.3922731Z           "backgroundColor": "#020817",
build	ğŸš€ Build APK (Local)	2026-01-07T18:01:56.3923251Z           "hidden": false,
build	ğŸš€ Build APK (Local)	2026-01-07T18:01:56.3923719Z           "translucent": true
build	ğŸš€ Build APK (Local)	2026-01-07T18:01:56.3924182Z         ***
build	ğŸš€ Build APK (Local)	2026-01-07T18:01:56.3924560Z       ***
build	ğŸš€ Build APK (Local)	2026-01-07T18:01:56.3924929Z     ],
build	ğŸš€ Build APK (Local)	2026-01-07T18:01:56.3925275Z     [
build	ğŸš€ Build APK (Local)	2026-01-07T18:01:56.3925724Z       "react-native-google-mobile-ads",
build	ğŸš€ Build APK (Local)	2026-01-07T18:01:56.3926234Z       ***
build	ğŸš€ Build APK (Local)	2026-01-07T18:01:56.3926797Z         "androidAppId": "ca-app-pub-7809209690404525~1711130974",
build	ğŸš€ Build APK (Local)	2026-01-07T18:01:56.3927844Z         "iosAppId": "ca-app-pub-7809209690404525~1711130974"
build	ğŸš€ Build APK (Local)	2026-01-07T18:01:56.3928400Z       ***
build	ğŸš€ Build APK (Local)	2026-01-07T18:01:56.3929175Z     ],
build	ğŸš€ Build APK (Local)	2026-01-07T18:01:56.3929651Z     "@react-native-firebase/app",
build	ğŸš€ Build APK (Local)	2026-01-07T18:01:56.3930128Z     [
build	ğŸš€ Build APK (Local)	2026-01-07T18:01:56.3930573Z       "withForceAdIdPermission",
build	ğŸš€ Build APK (Local)	2026-01-07T18:01:56.3931116Z       "force-ad-id-permission"
build	ğŸš€ Build APK (Local)	2026-01-07T18:01:56.3931591Z     ],
build	ğŸš€ Build APK (Local)	2026-01-07T18:01:56.3931965Z     [
build	ğŸš€ Build APK (Local)	2026-01-07T18:01:56.3932359Z       "withKotlinVersionFix",
build	ğŸš€ Build APK (Local)	2026-01-07T18:01:56.3932892Z       "kotlin-version-fix"
build	ğŸš€ Build APK (Local)	2026-01-07T18:01:56.3933364Z     ]
build	ğŸš€ Build APK (Local)	2026-01-07T18:01:56.3933766Z   ],
build	ğŸš€ Build APK (Local)	2026-01-07T18:01:56.3934216Z   "experiments": ***
build	ğŸš€ Build APK (Local)	2026-01-07T18:01:56.3934674Z     "typedRoutes": true
build	ğŸš€ Build APK (Local)	2026-01-07T18:01:56.3935112Z   ***,
build	ğŸš€ Build APK (Local)	2026-01-07T18:01:56.3935510Z   "owner": "pierretulle",
build	ğŸš€ Build APK (Local)	2026-01-07T18:01:56.3935968Z   "updates": ***
build	ğŸš€ Build APK (Local)	2026-01-07T18:01:56.3936453Z     "fallbackToCacheTimeout": 0,
build	ğŸš€ Build APK (Local)	2026-01-07T18:01:56.3937187Z     "url": "https://u.expo.dev/3cbda57c-1ec1-4949-af06-9e933dbc0050"
build	ğŸš€ Build APK (Local)	2026-01-07T18:01:56.3937855Z   ***,
build	ğŸš€ Build APK (Local)	2026-01-07T18:01:56.3938248Z   "runtimeVersion": ***
build	ğŸš€ Build APK (Local)	2026-01-07T18:01:56.3939055Z     "policy": "appVersion"
build	ğŸš€ Build APK (Local)	2026-01-07T18:01:56.3939516Z   ***,
build	ğŸš€ Build APK (Local)	2026-01-07T18:01:56.3939899Z   "extra": ***
build	ğŸš€ Build APK (Local)	2026-01-07T18:01:56.3940303Z     "eas": ***
build	ğŸš€ Build APK (Local)	2026-01-07T18:01:56.3940862Z       "projectId": "3cbda57c-1ec1-4949-af06-9e933dbc0050"
build	ğŸš€ Build APK (Local)	2026-01-07T18:01:56.3941448Z     ***,
build	ğŸš€ Build APK (Local)	2026-01-07T18:01:56.3942258Z     "APP_VARIANT": "development",
build	ğŸš€ Build APK (Local)	2026-01-07T18:01:56.3942789Z     "router": ***
build	ğŸš€ Build APK (Local)	2026-01-07T18:01:56.3943204Z       "origin": false
build	ğŸš€ Build APK (Local)	2026-01-07T18:01:56.3943629Z     ***,
build	ğŸš€ Build APK (Local)	2026-01-07T18:01:56.3944063Z     "expo-navigation-bar": ***
build	ğŸš€ Build APK (Local)	2026-01-07T18:01:56.3944540Z   ***,
build	ğŸš€ Build APK (Local)	2026-01-07T18:01:56.3944955Z   "androidNavigationBar": ***
build	ğŸš€ Build APK (Local)	2026-01-07T18:01:56.3945424Z ***
build	ğŸš€ Build APK (Local)	2026-01-07T18:01:56.3945918Z [RUN_EXPO_DOCTOR] Running "expo doctor"
build	ğŸš€ Build APK (Local)	2026-01-07T18:02:01.7202136Z [RUN_EXPO_DOCTOR] Running 17 checks on your project...
build	ğŸš€ Build APK (Local)	2026-01-07T18:02:26.6765418Z node:internal/process/per_thread:225
build	ğŸš€ Build APK (Local)	2026-01-07T18:02:26.6766510Z       throw new ErrnoException(err, 'kill');
build	ğŸš€ Build APK (Local)	2026-01-07T18:02:26.6767326Z             ^
build	ğŸš€ Build APK (Local)	2026-01-07T18:02:26.6767732Z 
build	ğŸš€ Build APK (Local)	2026-01-07T18:02:26.6768091Z Error: kill ESRCH
build	ğŸš€ Build APK (Local)	2026-01-07T18:02:26.6769427Z     at process.kill (node:internal/process/per_thread:225:13)
build	ğŸš€ Build APK (Local)	2026-01-07T18:02:26.6770586Z     at /home/runner/.npm/_npx/51b74c4db9e60cb6/node_modules/@expo/build-tools/dist/common/setup.js:135:25
build	ğŸš€ Build APK (Local)	2026-01-07T18:02:26.6771570Z     at Array.forEach (<anonymous>)
build	ğŸš€ Build APK (Local)	2026-01-07T18:02:26.6773017Z     at Timeout._onTimeout (/home/runner/.npm/_npx/51b74c4db9e60cb6/node_modules/@expo/build-tools/dist/common/setup.js:134:18)
build	ğŸš€ Build APK (Local)	2026-01-07T18:02:26.6774519Z     at process.processTicksAndRejections (node:internal/process/task_queues:95:5) ***
build	ğŸš€ Build APK (Local)	2026-01-07T18:02:26.6780589Z   errno: -3,
build	ğŸš€ Build APK (Local)	2026-01-07T18:02:26.6781047Z   code: 'ESRCH',
build	ğŸš€ Build APK (Local)	2026-01-07T18:02:26.6781507Z   syscall: 'kill'
build	ğŸš€ Build APK (Local)	2026-01-07T18:02:26.6781966Z ***
build	ğŸš€ Build APK (Local)	2026-01-07T18:02:26.6782188Z 
build	ğŸš€ Build APK (Local)	2026-01-07T18:02:26.6782385Z Node.js v20.19.6
build	ğŸš€ Build APK (Local)	2026-01-07T18:02:26.9796364Z npx -y eas-cli-local-build-plugin@1.0.243 eyJqb2IiOnsidHlwZSI6ImdlbmVyaWMiLCJwbGF0Zm9ybSI6ImFuZHJvaWQiLCJwcm9qZWN0Um9vdERpcmVjdG9yeSI6Ii4iLCJwcm9qZWN0QXJjaGl2ZSI6eyJ0eXBlIjoiUEFUSCIsInBhdGgiOiIvdG1wL3J1bm5lci9lYXMtY2xpLW5vZGVqcy9jZGIwNjNmYS1hYjM5LTQyMDAtODdkNi04YjAxYjQyNWMwNTIudGFyLmd6In0sImJ1aWxkZXJFbnZpcm9ubWVudCI6eyJlbnYiOnsiRVhQT19QVUJMSUNfQVBQX1ZBUklBTlQiOiJkZXZlbG9wbWVudCJ9fSwiY2FjaGUiOnsiZGlzYWJsZWQiOmZhbHNlLCJwYXRocyI6W10sImNsZWFyIjpmYWxzZX0sInNlY3JldHMiOnsiYnVpbGRDcmVkZW50aWFscyI6eyJrZXlzdG9yZSI6eyJkYXRhQmFzZTY0IjoiL3UzKzdRQUFBQUlBQUFBQkFBQUFBUUFnT0dNNU0yUmpPR0ZqT0RBd1pqQmlNV00xTXpNeVpHSXlNVFkwWldZd01UVUFBQUdXbHR2QWFnQUFCUU13Z2dUL01BNEdDaXNHQVFRQktnSVJBUUVGQUFTQ0JPdG0wY2R5NmlieEVwTHFGVS9OZHZtVkovR3ZWRzdNYUg3bkRZMEtnbzMwekh1YmlUbXI4L0doNmtuSXJqQVNWdnRJYkRIT3ZRZnB1ZmlHSm9NdUU0ZVZyYmhvcGtqRG9oaXFHTVN6dzI0c3hsdXNnRk1uK1JDTWh5N25MRW1valgvTFdVWE9TOGpvRTlUKzF4T0U0M1FKSUZGem5Nalo5N2I3RUpxcGRSSW1iQW8vQUlXcS9lZ2VhNzljN29vRVFQbXhZUTBsZnNSK3dQYUV5YklDc0dFbHQ5RDlLWlNEclp2TEgzM2JxN2tSd1pmKzJnK1ovVFJSNzdMMDZQY1lnV2hkaGF5OTdKRlE3QTMxYnUrQ2FsM1pYelUxWVhxN0lPK2NZR3VIcEFFc3lRVDFXOGQ0bzk0NElBUFFZaXpveTJTRzRZMFJsSTgrbGk1dFovREdLbm1JMk53aTZQVWQ0WFloaTlvSkVlaDFYTUNYcGJhc3BUajRVZHBPWTZEaHdEbWM0WEpTS2ViQlVrYjJFWDdFT1ZZQ0h5M3ZaYUxYdVdtbkxxOFpDWXpjNTJKL0FpQVpyclhraERkaTJRQ001VklhRzB5WmZqS2pPUS9EMklQUmsvTC8wYm91STZORXo2T2FraDkvTGFsdnBrRDRhR3pmOXdsT2F5ZG9vaGRPZWRxeEI2T1l6by9PWGpKUnNHUXB6VVdSY0drb1BMeEVDNEhsRjlrb0Fkc3ZkOUU5R2RWdnZDc2RaM2d1NGVmN1J2RU9aWmxOMkJwSjlsS0w4b2VVVUtyVWQzOFVIZFRHWWF5SkhUT1NJRjY4WjQvU0dmVHZTTUUzVTVMbkl6REJXcDBQeTN2clV1azFmbDc0d3hPeWFEMG1IemRhTDJNTGo3ajR0cWdTTUgxR2ZpcTVYWU40ckhyQktFNGNvQ29GRXQ2MGxYd2V3ZDlybVh1NFMzZEVlaWU5Rm0wVm5mTEwvTTFoLy9JbklodXFzK2hadndnOVY4VFhycnByaXFLVWQyaERlQWF0OHJ3Unk0dnZ1R0wrWjNkMi9vSW52aGJHRnBIc2MwMUg1VnhZMUxCWWhKSi9DS3RDNXpNcFNoYmlFRFZhOHd5aDh3aXVwdUptRDJ1L2hCbzMvMlJKYW5KZUZPNEhiaWRYUWpHcUM4RXlZQmZMYnRTNkVzUk9Vc3VLL2tTU0VMT3BBUTVrUjlZY0d1SUJFK0o3SDFaTjlkaXJtSVpKdGtva09ORUIxYU1yNjFBMHpIOFBMU0NDOUp2NEFUczBvS3I5WVprTzdBZk0xQzhhSVAraWw2cGYyRm5TL3FJS0lkS2Fvd09JL0FRSkd2aFN0RzEweWlselNHV0xkNGpHZUF3VlRLblowL0JlK1EwS3EwRWFYR2FOTXJEaHJ3NzZYdUt1MUd6M0ZUZG01eERaU2FFdUtYSFlPcnVZazdhR0p4U1h0bVRqbXB1M3VLb2g3TEhmODEra0hXY25mVGpZdUplSXQ2TUM1dG5aZ3hxNWNkYmZOYTA3dFN6bkpXZGprWXlsRVdqdTQwN2FGWHRjcERqU3BEK1E5RUVZYmhydXMzazBYejh3N21id2hKV25rZjNtbElCSXh2Y3FUV2ZZSVltc2hmSDRVelVvN3F5OXhFcGdPdExUSjZsNXJjdUVlK1RtNTluMzNLcXIwdHVLb2FsWnY1QmJoaHVIUXVGYmozU3hRa3d2b1RMNVl1ZFhFTFI1a0t4Y1pQazE2K3RTR0paWWVSWTJsRkdCYko2N01SYllkUlJ3ejRNaGJkL2U5SW82eEQ1bHJwK0lSdWdHMldydms4cnVPREhQRUNsd28xdjljWGwwQzUrQ1dzMmZrT3B6Q2ZFa1Y5dEsrYmdhWkVWTzRhSzJZWGpQanlOTHhlT0hkNEYyRUdsUThKRmgxVDBQVlpOSm9zT0xVYncwVGFFNFd5cTF2dmxGWm9UVFUzalBaNU96Y3dtNFRtanN6TVkyNVFFU1dra1BjZVJvWHVWdVJQb0twdFptb0lBTGR1b0RlMjZaZ3BndW51Z3BOTDBNUWczR2FjYjBaaWZyV3NwcnoyanpJTGp0bVRFNGZlMTF6OVAyVmJ4VXNrT0Z2MWFPbnJ0Q0o2Yk9qZlVKTWZTc215Y1FHMklORFVwRGt1WEs4bWlxY0Z2NzY5ZlNxUVAxWHp5aFBNbGlEWGFTaGU1Z29FM2tlVEhjbFV1ZGM3TFMreUJmUTBXdjZBQUFBQUVBQlZndU5UQTVBQUFETVRDQ0F5MHdnZ0lWb0FNQ0FRSUNDRDFWbG5yaktnbG1NQTBHQ1NxR1NJYjNEUUVCQ3dVQU1FUXhDekFKQmdOVkJBWVRBbFZUTVFrd0J3WURWUVFJRXdBeENUQUhCZ05WQkFjVEFERUpNQWNHQTFVRUNoTUFNUWt3QndZRFZRUUxFd0F4Q1RBSEJnTlZCQU1UQURBZ0Z3MHlOVEExTURNeE5UVTFNRFphR0E4eU1EVXlNRGt4T0RFMU5UVXdObG93UkRFTE1Ba0dBMVVFQmhNQ1ZWTXhDVEFIQmdOVkJBZ1RBREVKTUFjR0ExVUVCeE1BTVFrd0J3WURWUVFLRXdBeENUQUhCZ05WQkFzVEFERUpNQWNHQTFVRUF4TUFNSUlCSWpBTkJna3Foa2lHOXcwQkFRRUZBQU9DQVE4QU1JSUJDZ0tDQVFFQXQyZFduSGRPcVEyTjNiYUdkQmk2VmdmSjRXUTVEeUtpQzhra2wvSVNFWjFIZGN6T3NOa0pXOEM4VDZPaEpxcHlDSTJQTkhOdHRwQ0lKQmtlbUhneWVQTDhkcFFxb3BoTi9sdlNrLzArV1daNllRNjUrOTk3cjAwR0JkRWRVWFptUG9NZXNERmpWSGgwZVJlMFBNTldxbk0yZEoxSFhjQVFLYmdCdEVZb1pvNUhuQkMzemh5Vm1nQ1B4Nmk1S1VKaU85QmNCSzExeDZZZGZydkcwR3EvMnZCUHlOd1JodWhwYWhmSzJWRkIyV2NubzNjMzBzSitNNVRNbEM5R1RqdEUrRHVZb3NMTForWjhXQlpRTGtkbVd1WkVIbm9ZbTNpUzhBeUpDQ2gvcURzdmNOdVhmM2dsTThnSUlvRkN4NFhKamc1NVJxMmNvMEgzbVJJNk9BWUord0lEQVFBQm95RXdIekFkQmdOVkhRNEVGZ1FVbzducUowVFlXbUUyNklZQkVud1cyQXBPdlI0d0RRWUpLb1pJaHZjTkFRRUxCUUFEZ2dFQkFIeXozQ0xna1VsdzRaQXQwVWgrSk1zb0I5WThSSm9IQ1JPWFVKaDFYbW9ROWFybVg1STNSR1BIM3lkTGlTQlk5UjVabUlENmgvL3RYK0lSWjlPN1ZheDBpcUI5UGpWRnpWc3VlQnZ0NUQ1VHRUcTBaRGVEZlp4QXp0V2tkSDlleElIR2psbllxaXVDTFRYQnhxUGpBQTI4cyswby9PbEJaZ0dZejdUQ29XdEoyRVBiMWdKUGdKUVRWK2tjS0lDVUhXQTB0OTZVZlhWV214aHQrRWFadlVHUW0yNUpXdGRiOGFCdWYyZHdHejEwb2FYdy90OVlsNWNSckNGWTNLTEkrV2tYNWdIQ3Z5OVhaOXRlWXA2Nm9yVCtOVlY1djl5dVluV2NoTUYzTWJLRy9HYndvd0VtUUtuUUQvL29nK3RmRCtZak11VUYzbXZ2NitiUDFLTjhBbjUxZUxXQlpiLzQzVjBoSXYreUpkdUEvUVdNN0E9PSIsImtleXN0b3JlUGFzc3dvcmQiOiI0ODMyNDQ0N2Y5ZGZkMzgxMjM5NzExYzBkYzAzZTZkOSIsImtleUFsaWFzIjoiOGM5M2RjOGFjODAwZjBiMWM1MzMyZGIyMTY0ZWYwMTUiLCJrZXlQYXNzd29yZCI6ImEzODk3N2Y5MmI1ODE4ZWIyYWFlODliZWJkYmJmOGJiIn19fSwidXBkYXRlcyI6e30sImRldmVsb3BtZW50Q2xpZW50Ijp0cnVlLCJncmFkbGVDb21tYW5kIjoiOmFwcDphc3NlbWJsZURlYnVnIiwiYnVpbGRUeXBlIjoiYXBrIiwidXNlcm5hbWUiOiJwaWVycmV0dWxsZSIsImV4cGVyaW1lbnRhbCI6e30sIm1vZGUiOiJidWlsZCIsInRyaWdnZXJlZEJ5IjoiRUFTX0NMSSIsImFwcElkIjoiM2NiZGE1N2MtMWVjMS00OTQ5LWFmMDYtOWU5MzNkYmMwMDUwIiwiaW5pdGlhdGluZ1VzZXJJZCI6ImUyZjEyMTFiLTI4YWYtNDlmMy1iMGUwLTA3ZDZkZTEzZDc1YSJ9LCJtZXRhZGF0YSI6eyJ0cmFja2luZ0NvbnRleHQiOnsidHJhY2tpbmdfaWQiOiI1OWIwMWQ3Mi00NzhmLTRmN2UtYjRjOC00M2NhODU0NDUwZDMiLCJwbGF0Zm9ybSI6ImFuZHJvaWQiLCJzZGtfdmVyc2lvbiI6IjUyLjAuMCIsImFjY291bnRfaWQiOiI2YjI3M2MwMy00YmQ0LTQ3M2ItODg2Yy0zZTg5OTJhZTE2NDEiLCJwcm9qZWN0X2lkIjoiM2NiZGE1N2MtMWVjMS00OTQ5LWFmMDYtOWU5MzNkYmMwMDUwIiwicHJvamVjdF90eXBlIjoiZ2VuZXJpYyIsImRldl9jbGllbnQiOnRydWUsImRldl9jbGllbnRfdmVyc2lvbiI6IjUuMC4yMCIsIm5vX3dhaXQiOmZhbHNlLCJydW5fZnJvbV9jaSI6dHJ1ZSwibG9jYWwiOnRydWV9LCJhcHBWZXJzaW9uIjoiMS42LjUiLCJhcHBCdWlsZFZlcnNpb24iOiIxMDEyMiIsImNsaVZlcnNpb24iOiIxNi4yOC4wIiwid29ya2Zsb3ciOiJnZW5lcmljIiwiY3JlZGVudGlhbHNTb3VyY2UiOiJyZW1vdGUiLCJzZGtWZXJzaW9uIjoiNTIuMC4wIiwicnVudGltZVZlcnNpb24iOiIxLjYuNSIsInJlYWN0TmF0aXZlVmVyc2lvbiI6IjAuNzYuOSIsImRpc3RyaWJ1dGlvbiI6ImludGVybmFsIiwiYXBwTmFtZSI6IlRpbWFsYXVzIERFViIsImFwcElkZW50aWZpZXIiOiJjb20ucGllcnJldHVsbGUuanVubzIiLCJidWlsZFByb2ZpbGUiOiJkZXZlbG9wbWVudCIsImdpdENvbW1pdEhhc2giOiJlMTUxYmRlZWVhM2M5MDZlNDc2YThjOTNkNmRiNjc1ODRmMDQ5MzU2IiwiZ2l0Q29tbWl0TWVzc2FnZSI6ImNob3JlOiBhZGQgZml4X3JscyIsImlzR2l0V29ya2luZ1RyZWVEaXJ0eSI6dHJ1ZSwidXNlcm5hbWUiOiJwaWVycmV0dWxsZSIsInJ1bldpdGhOb1dhaXRGbGFnIjpmYWxzZSwicnVuRnJvbUNJIjp0cnVlLCJkZXZlbG9wbWVudENsaWVudCI6dHJ1ZSwicmVxdWlyZWRQYWNrYWdlTWFuYWdlciI6InBucG0iLCJzaW11bGF0b3IiOmZhbHNlfX0= exited with non-zero code: 1
build	ğŸš€ Build APK (Local)	2026-01-07T18:02:27.0474412Z     Error: build command failed.
build	ğŸš€ Build APK (Local)	2026-01-07T18:02:27.0478224Z ##[error]Process completed with exit code 1.
build	Post ğŸ— Setup Java	ï»¿2026-01-07T18:02:27.0552726Z Post job cleanup.
build	Post ğŸ— Setup PNPM	ï»¿2026-01-07T18:02:27.2761822Z Post job cleanup.
build	Post ğŸ— Setup PNPM	2026-01-07T18:02:27.4036722Z Pruning is unnecessary.
build	Post ğŸ— Checkout repository	ï»¿2026-01-07T18:02:27.4174666Z Post job cleanup.
build	Post ğŸ— Checkout repository	2026-01-07T18:02:27.5431154Z [command]/usr/bin/git version
build	Post ğŸ— Checkout repository	2026-01-07T18:02:27.5496664Z git version 2.52.0
build	Post ğŸ— Checkout repository	2026-01-07T18:02:27.5573200Z Temporarily overriding HOME='/home/runner/work/_temp/91b9d900-1527-46a4-968b-c6cd4c7a35f2' before making global git config changes
build	Post ğŸ— Checkout repository	2026-01-07T18:02:27.5574826Z Adding repository directory to the temporary git global config as a safe directory
build	Post ğŸ— Checkout repository	2026-01-07T18:02:27.5577585Z [command]/usr/bin/git config --global --add safe.directory /home/runner/work/kiko/kiko
build	Post ğŸ— Checkout repository	2026-01-07T18:02:27.5644009Z [command]/usr/bin/git config --local --name-only --get-regexp core\.sshCommand
build	Post ğŸ— Checkout repository	2026-01-07T18:02:27.5688743Z [command]/usr/bin/git submodule foreach --recursive sh -c "git config --local --name-only --get-regexp 'core\.sshCommand' && git config --local --unset-all 'core.sshCommand' || :"
build	Post ğŸ— Checkout repository	2026-01-07T18:02:27.6023687Z [command]/usr/bin/git config --local --name-only --get-regexp http\.https\:\/\/github\.com\/\.extraheader
build	Post ğŸ— Checkout repository	2026-01-07T18:02:27.6091065Z http.https://github.com/.extraheader
build	Post ğŸ— Checkout repository	2026-01-07T18:02:27.6093046Z [command]/usr/bin/git config --local --unset-all http.https://github.com/.extraheader
build	Post ğŸ— Checkout repository	2026-01-07T18:02:27.6163724Z [command]/usr/bin/git submodule foreach --recursive sh -c "git config --local --name-only --get-regexp 'http\.https\:\/\/github\.com\/\.extraheader' && git config --local --unset-all 'http.https://github.com/.extraheader' || :"
build	Post ğŸ— Checkout repository	2026-01-07T18:02:27.6500362Z [command]/usr/bin/git config --local --name-only --get-regexp ^includeIf\.gitdir:
build	Post ğŸ— Checkout repository	2026-01-07T18:02:27.6545346Z [command]/usr/bin/git submodule foreach --recursive git config --local --show-origin --name-only --get-regexp remote.origin.url
build	Complete job	ï»¿2026-01-07T18:02:27.6900809Z Cleaning up orphan processes
build	Complete job	2026-01-07T18:02:27.7221035Z Terminate orphan process: pid (3063) (npm explain eas-cli)
